tasks.c:1373:20:prvTaskIsTaskSuspended.part.0	0	static,ignoring_inline_asm
tasks.c:3149:21:prvListTaskWithinSingleList	32	static
tasks.c:3318:13:prvResetNextTaskUnblockTime	0	static
tasks.c:3042:13:prvAddCurrentTaskToDelayedList	8	static
tasks.c:551:12:xTaskGenericCreate.part.5	40	static,ignoring_inline_asm
tasks.c:551:12:xTaskGenericCreate	4	static,ignoring_inline_asm
tasks.c:744:7:vTaskDelete	16	static,ignoring_inline_asm
tasks.c:1058:14:uxTaskPriorityGet	8	static
tasks.c:1080:14:uxTaskPriorityGetFromISR	8	static,ignoring_inline_asm
tasks.c:1120:7:vTaskPrioritySet	32	static,ignoring_inline_asm
tasks.c:1419:7:vTaskResume	16	static,ignoring_inline_asm
tasks.c:1473:13:xTaskResumeFromISR	24	static,ignoring_inline_asm
tasks.c:1543:6:vTaskStartScheduler	24	static,ignoring_inline_asm
tasks.c:1621:6:vTaskEndScheduler	0	static,ignoring_inline_asm
tasks.c:1632:6:vTaskSuspendAll	0	static
tasks.c:1763:12:xTaskGetTickCount	0	static
tasks.c:1778:12:xTaskGetTickCountFromISR	8	static
tasks.c:1809:13:uxTaskGetNumberOfTasks	0	static
tasks.c:1938:12:xTaskIncrementTick	40	static,ignoring_inline_asm
tasks.c:1670:12:xTaskResumeAll	32	static,ignoring_inline_asm
tasks.c:922:7:vTaskDelay	16	static,ignoring_inline_asm
tasks.c:2658:8:prvIdleTask	8	static,ignoring_inline_asm
tasks.c:1834:14:uxTaskGetSystemState	32	static
tasks.c:2202:6:vTaskSwitchContext	8	static,ignoring_inline_asm
tasks.c:1284:7:vTaskSuspend	16	static,ignoring_inline_asm
tasks.c:2262:6:vTaskPlaceOnEventList	16	static,ignoring_inline_asm
tasks.c:2321:6:vTaskPlaceOnUnorderedEventList	16	static,ignoring_inline_asm
tasks.c:2433:12:xTaskRemoveFromEventList	16	static,ignoring_inline_asm
tasks.c:2501:12:xTaskRemoveFromUnorderedEventList	24	static,ignoring_inline_asm
tasks.c:2546:6:vTaskSetTimeOutState	8	static
tasks.c:2554:12:xTaskCheckForTimeOut	16	static,ignoring_inline_asm
tasks.c:2603:6:vTaskMissedYield	0	static
tasks.c:2611:14:uxTaskGetTaskNumber	0	static
tasks.c:2634:7:vTaskSetTaskNumber	0	static
tasks.c:3344:15:xTaskGetCurrentTaskHandle	0	static
tasks.c:3361:13:xTaskGetSchedulerState	0	static
tasks.c:3389:7:vTaskPriorityInherit	24	static
tasks.c:3455:13:xTaskPriorityDisinherit	16	static,ignoring_inline_asm
tasks.c:3840:12:uxTaskResetEventItemValue	0	static
tasks.c:3856:8:pvTaskIncrementMutexHeldCount	0	static
tasks.c:3873:11:ulTaskNotifyTake	24	static,ignoring_inline_asm
tasks.c:3983:13:xTaskNotifyWait	24	static,ignoring_inline_asm
tasks.c:4104:13:xTaskGenericNotify	24	static,ignoring_inline_asm
tasks.c:4193:13:xTaskNotifyFromISR	32	static,ignoring_inline_asm
tasks.c:4305:7:vTaskNotifyGiveFromISR	32	static,ignoring_inline_asm
