18:36:26 **** Incremental Build of configuration Debug for project 02a-countingObjectv2 ****
make all 
Building file: ../src/main.c
Invoking: MCU GCC Compiler
/home/hendri/MyWorkspace/workspaceAC6/02a-countingObjectv2/Debug
arm-none-eabi-gcc -mcpu=cortex-m4 -mthumb -mfloat-abi=hard -mfpu=fpv4-sp-d16 -DSTM32F407VGTx -DSTM32F4 -DSTM32F4DISCOVERY -DSTM32 -DDEBUG -DUSE_HAL_DRIVER -DSTM32F407xx -I"/home/hendri/MyWorkspace/workspaceAC6/stm32f4discovery_hal_lib" -I"/home/hendri/MyWorkspace/workspaceAC6/02a-countingObjectv2/inc" -I"/home/hendri/MyWorkspace/workspaceAC6/stm32f4discovery_hal_lib/HAL_Driver/Inc" -I"/home/hendri/MyWorkspace/workspaceAC6/stm32f4discovery_hal_lib/HAL_Driver/Inc/Legacy" -I"/home/hendri/MyWorkspace/workspaceAC6/stm32f4discovery_hal_lib/Utilities/Components/wm8994" -I"/home/hendri/MyWorkspace/workspaceAC6/stm32f4discovery_hal_lib/Utilities/Components/n25q256a" -I"/home/hendri/MyWorkspace/workspaceAC6/stm32f4discovery_hal_lib/Utilities/Components/exc7200" -I"/home/hendri/MyWorkspace/workspaceAC6/stm32f4discovery_hal_lib/Utilities/Components/stmpe811" -I"/home/hendri/MyWorkspace/workspaceAC6/stm32f4discovery_hal_lib/Utilities/Components/ov2640" -I"/home/hendri/MyWorkspace/workspaceAC6/stm32f4discovery_hal_lib/Utilities/Components/Common" -I"/home/hendri/MyWorkspace/workspaceAC6/stm32f4discovery_hal_lib/Utilities/Components/ampire480272" -I"/home/hendri/MyWorkspace/workspaceAC6/stm32f4discovery_hal_lib/Utilities/Components/s5k5cag" -I"/home/hendri/MyWorkspace/workspaceAC6/stm32f4discovery_hal_lib/Utilities/Components/s25fl512s" -I"/home/hendri/MyWorkspace/workspaceAC6/stm32f4discovery_hal_lib/Utilities/Components/cs43l22" -I"/home/hendri/MyWorkspace/workspaceAC6/stm32f4discovery_hal_lib/Utilities/Components/ampire640480" -I"/home/hendri/MyWorkspace/workspaceAC6/stm32f4discovery_hal_lib/Utilities/Components/ili9341" -I"/home/hendri/MyWorkspace/workspaceAC6/stm32f4discovery_hal_lib/Utilities/Components/stmpe1600" -I"/home/hendri/MyWorkspace/workspaceAC6/stm32f4discovery_hal_lib/Utilities/Components/lsm303dlhc" -I"/home/hendri/MyWorkspace/workspaceAC6/stm32f4discovery_hal_lib/Utilities/Components/ili9325" -I"/home/hendri/MyWorkspace/workspaceAC6/stm32f4discovery_hal_lib/Utilities/Components/ft6x06" -I"/home/hendri/MyWorkspace/workspaceAC6/stm32f4discovery_hal_lib/Utilities/Components/lis302dl" -I"/home/hendri/MyWorkspace/workspaceAC6/stm32f4discovery_hal_lib/Utilities/Components/l3gd20" -I"/home/hendri/MyWorkspace/workspaceAC6/stm32f4discovery_hal_lib/Utilities/Components/mfxstm32l152" -I"/home/hendri/MyWorkspace/workspaceAC6/stm32f4discovery_hal_lib/Utilities/Components/otm8009a" -I"/home/hendri/MyWorkspace/workspaceAC6/stm32f4discovery_hal_lib/Utilities/Components/lis3dsh" -I"/home/hendri/MyWorkspace/workspaceAC6/stm32f4discovery_hal_lib/Utilities/Components/st7735" -I"/home/hendri/MyWorkspace/workspaceAC6/stm32f4discovery_hal_lib/Utilities/Components/n25q128a" -I"/home/hendri/MyWorkspace/workspaceAC6/stm32f4discovery_hal_lib/Utilities/Components/n25q512a" -I"/home/hendri/MyWorkspace/workspaceAC6/stm32f4discovery_hal_lib/Utilities/Components/ts3510" -I"/home/hendri/MyWorkspace/workspaceAC6/stm32f4discovery_hal_lib/Utilities" -I"/home/hendri/MyWorkspace/workspaceAC6/stm32f4discovery_hal_lib/Utilities/STM32F4-Discovery" -I"/home/hendri/MyWorkspace/workspaceAC6/stm32f4discovery_hal_lib/CMSIS/core" -I"/home/hendri/MyWorkspace/workspaceAC6/stm32f4discovery_hal_lib/CMSIS/device" -O0 -g3 -Wall -fmessage-length=0 -ffunction-sections -c -MMD -MP -MF"src/main.d" -MT"src/main.o" -o "src/main.o" "../src/main.c"
Finished building: ../src/main.c
 
Building target: 02a-countingObjectv2.elf
Invoking: MCU GCC Linker
arm-none-eabi-gcc -mcpu=cortex-m4 -mthumb -mfloat-abi=hard -mfpu=fpv4-sp-d16 -L"/home/hendri/MyWorkspace/workspaceAC6/stm32f4discovery_hal_lib/Debug" -T"/home/hendri/MyWorkspace/workspaceAC6/02a-countingObjectv2/LinkerScript.ld" -Wl,-Map=output.map -Wl,--gc-sections -lm -o "02a-countingObjectv2.elf" @"objects.list"  -lstm32f4discovery_hal_lib
Finished building target: 02a-countingObjectv2.elf
 
make --no-print-directory post-build
Generating binary and Printing size information:
arm-none-eabi-objcopy -O binary "02a-countingObjectv2.elf" "02a-countingObjectv2.bin"
arm-none-eabi-size "02a-countingObjectv2.elf"
   text	   data	    bss	    dec	    hex	filename
   5668	   1100	   1064	   7832	   1e98	02a-countingObjectv2.elf
 

18:36:27 Build Finished (took 643ms)

