14:03:05 **** Incremental Build of configuration Debug for project 06a-TimeTrigger ****
make all 
Building file: ../startup/startup_stm32f407xx.s
Invoking: MCU GCC Assembler
/home/hendri/MyWorkspace/workspaceAC6/06a-TimeTrigger/Debug
arm-none-eabi-as -mcpu=cortex-m4 -mthumb -mfloat-abi=hard -mfpu=fpv4-sp-d16 -I"/home/hendri/MyWorkspace/workspaceAC6/stm32f4discovery_hal_lib" -I"/home/hendri/MyWorkspace/workspaceAC6/06a-TimeTrigger/inc" -I"/home/hendri/MyWorkspace/workspaceAC6/stm32f4discovery_hal_lib/HAL_Driver/Inc" -I"/home/hendri/MyWorkspace/workspaceAC6/stm32f4discovery_hal_lib/HAL_Driver/Inc/Legacy" -I"/home/hendri/MyWorkspace/workspaceAC6/stm32f4discovery_hal_lib/Utilities/Components/wm8994" -I"/home/hendri/MyWorkspace/workspaceAC6/stm32f4discovery_hal_lib/Utilities/Components/n25q256a" -I"/home/hendri/MyWorkspace/workspaceAC6/stm32f4discovery_hal_lib/Utilities/Components/exc7200" -I"/home/hendri/MyWorkspace/workspaceAC6/stm32f4discovery_hal_lib/Utilities/Components/stmpe811" -I"/home/hendri/MyWorkspace/workspaceAC6/stm32f4discovery_hal_lib/Utilities/Components/ov2640" -I"/home/hendri/MyWorkspace/workspaceAC6/stm32f4discovery_hal_lib/Utilities/Components/Common" -I"/home/hendri/MyWorkspace/workspaceAC6/stm32f4discovery_hal_lib/Utilities/Components/ampire480272" -I"/home/hendri/MyWorkspace/workspaceAC6/stm32f4discovery_hal_lib/Utilities/Components/s5k5cag" -I"/home/hendri/MyWorkspace/workspaceAC6/stm32f4discovery_hal_lib/Utilities/Components/s25fl512s" -I"/home/hendri/MyWorkspace/workspaceAC6/stm32f4discovery_hal_lib/Utilities/Components/cs43l22" -I"/home/hendri/MyWorkspace/workspaceAC6/stm32f4discovery_hal_lib/Utilities/Components/ampire640480" -I"/home/hendri/MyWorkspace/workspaceAC6/stm32f4discovery_hal_lib/Utilities/Components/ili9341" -I"/home/hendri/MyWorkspace/workspaceAC6/stm32f4discovery_hal_lib/Utilities/Components/stmpe1600" -I"/home/hendri/MyWorkspace/workspaceAC6/stm32f4discovery_hal_lib/Utilities/Components/lsm303dlhc" -I"/home/hendri/MyWorkspace/workspaceAC6/stm32f4discovery_hal_lib/Utilities/Components/ili9325" -I"/home/hendri/MyWorkspace/workspaceAC6/stm32f4discovery_hal_lib/Utilities/Components/ft6x06" -I"/home/hendri/MyWorkspace/workspaceAC6/stm32f4discovery_hal_lib/Utilities/Components/lis302dl" -I"/home/hendri/MyWorkspace/workspaceAC6/stm32f4discovery_hal_lib/Utilities/Components/l3gd20" -I"/home/hendri/MyWorkspace/workspaceAC6/stm32f4discovery_hal_lib/Utilities/Components/mfxstm32l152" -I"/home/hendri/MyWorkspace/workspaceAC6/stm32f4discovery_hal_lib/Utilities/Components/otm8009a" -I"/home/hendri/MyWorkspace/workspaceAC6/stm32f4discovery_hal_lib/Utilities/Components/lis3dsh" -I"/home/hendri/MyWorkspace/workspaceAC6/stm32f4discovery_hal_lib/Utilities/Components/st7735" -I"/home/hendri/MyWorkspace/workspaceAC6/stm32f4discovery_hal_lib/Utilities/Components/n25q128a" -I"/home/hendri/MyWorkspace/workspaceAC6/stm32f4discovery_hal_lib/Utilities/Components/n25q512a" -I"/home/hendri/MyWorkspace/workspaceAC6/stm32f4discovery_hal_lib/Utilities/Components/ts3510" -I"/home/hendri/MyWorkspace/workspaceAC6/stm32f4discovery_hal_lib/Utilities" -I"/home/hendri/MyWorkspace/workspaceAC6/stm32f4discovery_hal_lib/Utilities/STM32F4-Discovery" -I"/home/hendri/MyWorkspace/workspaceAC6/stm32f4discovery_hal_lib/CMSIS/core" -I"/home/hendri/MyWorkspace/workspaceAC6/stm32f4discovery_hal_lib/CMSIS/device" -g -o "startup/startup_stm32f407xx.o" "../startup/startup_stm32f407xx.s"
Finished building: ../startup/startup_stm32f407xx.s
 
Building file: ../src/counter.c
Invoking: MCU GCC Compiler
/home/hendri/MyWorkspace/workspaceAC6/06a-TimeTrigger/Debug
arm-none-eabi-gcc -mcpu=cortex-m4 -mthumb -mfloat-abi=hard -mfpu=fpv4-sp-d16 -DSTM32F407VGTx -DSTM32F4 -DSTM32F4DISCOVERY -DSTM32 -DDEBUG -DUSE_HAL_DRIVER -DSTM32F407xx -I"/home/hendri/MyWorkspace/workspaceAC6/stm32f4discovery_hal_lib" -I"/home/hendri/MyWorkspace/workspaceAC6/06a-TimeTrigger/inc" -I"/home/hendri/MyWorkspace/workspaceAC6/stm32f4discovery_hal_lib/HAL_Driver/Inc" -I"/home/hendri/MyWorkspace/workspaceAC6/stm32f4discovery_hal_lib/HAL_Driver/Inc/Legacy" -I"/home/hendri/MyWorkspace/workspaceAC6/stm32f4discovery_hal_lib/Utilities/Components/wm8994" -I"/home/hendri/MyWorkspace/workspaceAC6/stm32f4discovery_hal_lib/Utilities/Components/n25q256a" -I"/home/hendri/MyWorkspace/workspaceAC6/stm32f4discovery_hal_lib/Utilities/Components/exc7200" -I"/home/hendri/MyWorkspace/workspaceAC6/stm32f4discovery_hal_lib/Utilities/Components/stmpe811" -I"/home/hendri/MyWorkspace/workspaceAC6/stm32f4discovery_hal_lib/Utilities/Components/ov2640" -I"/home/hendri/MyWorkspace/workspaceAC6/stm32f4discovery_hal_lib/Utilities/Components/Common" -I"/home/hendri/MyWorkspace/workspaceAC6/stm32f4discovery_hal_lib/Utilities/Components/ampire480272" -I"/home/hendri/MyWorkspace/workspaceAC6/stm32f4discovery_hal_lib/Utilities/Components/s5k5cag" -I"/home/hendri/MyWorkspace/workspaceAC6/stm32f4discovery_hal_lib/Utilities/Components/s25fl512s" -I"/home/hendri/MyWorkspace/workspaceAC6/stm32f4discovery_hal_lib/Utilities/Components/cs43l22" -I"/home/hendri/MyWorkspace/workspaceAC6/stm32f4discovery_hal_lib/Utilities/Components/ampire640480" -I"/home/hendri/MyWorkspace/workspaceAC6/stm32f4discovery_hal_lib/Utilities/Components/ili9341" -I"/home/hendri/MyWorkspace/workspaceAC6/stm32f4discovery_hal_lib/Utilities/Components/stmpe1600" -I"/home/hendri/MyWorkspace/workspaceAC6/stm32f4discovery_hal_lib/Utilities/Components/lsm303dlhc" -I"/home/hendri/MyWorkspace/workspaceAC6/stm32f4discovery_hal_lib/Utilities/Components/ili9325" -I"/home/hendri/MyWorkspace/workspaceAC6/stm32f4discovery_hal_lib/Utilities/Components/ft6x06" -I"/home/hendri/MyWorkspace/workspaceAC6/stm32f4discovery_hal_lib/Utilities/Components/lis302dl" -I"/home/hendri/MyWorkspace/workspaceAC6/stm32f4discovery_hal_lib/Utilities/Components/l3gd20" -I"/home/hendri/MyWorkspace/workspaceAC6/stm32f4discovery_hal_lib/Utilities/Components/mfxstm32l152" -I"/home/hendri/MyWorkspace/workspaceAC6/stm32f4discovery_hal_lib/Utilities/Components/otm8009a" -I"/home/hendri/MyWorkspace/workspaceAC6/stm32f4discovery_hal_lib/Utilities/Components/lis3dsh" -I"/home/hendri/MyWorkspace/workspaceAC6/stm32f4discovery_hal_lib/Utilities/Components/st7735" -I"/home/hendri/MyWorkspace/workspaceAC6/stm32f4discovery_hal_lib/Utilities/Components/n25q128a" -I"/home/hendri/MyWorkspace/workspaceAC6/stm32f4discovery_hal_lib/Utilities/Components/n25q512a" -I"/home/hendri/MyWorkspace/workspaceAC6/stm32f4discovery_hal_lib/Utilities/Components/ts3510" -I"/home/hendri/MyWorkspace/workspaceAC6/stm32f4discovery_hal_lib/Utilities" -I"/home/hendri/MyWorkspace/workspaceAC6/stm32f4discovery_hal_lib/Utilities/STM32F4-Discovery" -I"/home/hendri/MyWorkspace/workspaceAC6/stm32f4discovery_hal_lib/CMSIS/core" -I"/home/hendri/MyWorkspace/workspaceAC6/stm32f4discovery_hal_lib/CMSIS/device" -O0 -g3 -Wall -fmessage-length=0 -ffunction-sections -c -MMD -MP -MF"src/counter.d" -MT"src/counter.o" -o "src/counter.o" "../src/counter.c"
Finished building: ../src/counter.c
 
Building file: ../src/hardwareinit.c
Invoking: MCU GCC Compiler
/home/hendri/MyWorkspace/workspaceAC6/06a-TimeTrigger/Debug
arm-none-eabi-gcc -mcpu=cortex-m4 -mthumb -mfloat-abi=hard -mfpu=fpv4-sp-d16 -DSTM32F407VGTx -DSTM32F4 -DSTM32F4DISCOVERY -DSTM32 -DDEBUG -DUSE_HAL_DRIVER -DSTM32F407xx -I"/home/hendri/MyWorkspace/workspaceAC6/stm32f4discovery_hal_lib" -I"/home/hendri/MyWorkspace/workspaceAC6/06a-TimeTrigger/inc" -I"/home/hendri/MyWorkspace/workspaceAC6/stm32f4discovery_hal_lib/HAL_Driver/Inc" -I"/home/hendri/MyWorkspace/workspaceAC6/stm32f4discovery_hal_lib/HAL_Driver/Inc/Legacy" -I"/home/hendri/MyWorkspace/workspaceAC6/stm32f4discovery_hal_lib/Utilities/Components/wm8994" -I"/home/hendri/MyWorkspace/workspaceAC6/stm32f4discovery_hal_lib/Utilities/Components/n25q256a" -I"/home/hendri/MyWorkspace/workspaceAC6/stm32f4discovery_hal_lib/Utilities/Components/exc7200" -I"/home/hendri/MyWorkspace/workspaceAC6/stm32f4discovery_hal_lib/Utilities/Components/stmpe811" -I"/home/hendri/MyWorkspace/workspaceAC6/stm32f4discovery_hal_lib/Utilities/Components/ov2640" -I"/home/hendri/MyWorkspace/workspaceAC6/stm32f4discovery_hal_lib/Utilities/Components/Common" -I"/home/hendri/MyWorkspace/workspaceAC6/stm32f4discovery_hal_lib/Utilities/Components/ampire480272" -I"/home/hendri/MyWorkspace/workspaceAC6/stm32f4discovery_hal_lib/Utilities/Components/s5k5cag" -I"/home/hendri/MyWorkspace/workspaceAC6/stm32f4discovery_hal_lib/Utilities/Components/s25fl512s" -I"/home/hendri/MyWorkspace/workspaceAC6/stm32f4discovery_hal_lib/Utilities/Components/cs43l22" -I"/home/hendri/MyWorkspace/workspaceAC6/stm32f4discovery_hal_lib/Utilities/Components/ampire640480" -I"/home/hendri/MyWorkspace/workspaceAC6/stm32f4discovery_hal_lib/Utilities/Components/ili9341" -I"/home/hendri/MyWorkspace/workspaceAC6/stm32f4discovery_hal_lib/Utilities/Components/stmpe1600" -I"/home/hendri/MyWorkspace/workspaceAC6/stm32f4discovery_hal_lib/Utilities/Components/lsm303dlhc" -I"/home/hendri/MyWorkspace/workspaceAC6/stm32f4discovery_hal_lib/Utilities/Components/ili9325" -I"/home/hendri/MyWorkspace/workspaceAC6/stm32f4discovery_hal_lib/Utilities/Components/ft6x06" -I"/home/hendri/MyWorkspace/workspaceAC6/stm32f4discovery_hal_lib/Utilities/Components/lis302dl" -I"/home/hendri/MyWorkspace/workspaceAC6/stm32f4discovery_hal_lib/Utilities/Components/l3gd20" -I"/home/hendri/MyWorkspace/workspaceAC6/stm32f4discovery_hal_lib/Utilities/Components/mfxstm32l152" -I"/home/hendri/MyWorkspace/workspaceAC6/stm32f4discovery_hal_lib/Utilities/Components/otm8009a" -I"/home/hendri/MyWorkspace/workspaceAC6/stm32f4discovery_hal_lib/Utilities/Components/lis3dsh" -I"/home/hendri/MyWorkspace/workspaceAC6/stm32f4discovery_hal_lib/Utilities/Components/st7735" -I"/home/hendri/MyWorkspace/workspaceAC6/stm32f4discovery_hal_lib/Utilities/Components/n25q128a" -I"/home/hendri/MyWorkspace/workspaceAC6/stm32f4discovery_hal_lib/Utilities/Components/n25q512a" -I"/home/hendri/MyWorkspace/workspaceAC6/stm32f4discovery_hal_lib/Utilities/Components/ts3510" -I"/home/hendri/MyWorkspace/workspaceAC6/stm32f4discovery_hal_lib/Utilities" -I"/home/hendri/MyWorkspace/workspaceAC6/stm32f4discovery_hal_lib/Utilities/STM32F4-Discovery" -I"/home/hendri/MyWorkspace/workspaceAC6/stm32f4discovery_hal_lib/CMSIS/core" -I"/home/hendri/MyWorkspace/workspaceAC6/stm32f4discovery_hal_lib/CMSIS/device" -O0 -g3 -Wall -fmessage-length=0 -ffunction-sections -c -MMD -MP -MF"src/hardwareinit.d" -MT"src/hardwareinit.o" -o "src/hardwareinit.o" "../src/hardwareinit.c"
Finished building: ../src/hardwareinit.c
 
Building file: ../src/main.c
Invoking: MCU GCC Compiler
/home/hendri/MyWorkspace/workspaceAC6/06a-TimeTrigger/Debug
arm-none-eabi-gcc -mcpu=cortex-m4 -mthumb -mfloat-abi=hard -mfpu=fpv4-sp-d16 -DSTM32F407VGTx -DSTM32F4 -DSTM32F4DISCOVERY -DSTM32 -DDEBUG -DUSE_HAL_DRIVER -DSTM32F407xx -I"/home/hendri/MyWorkspace/workspaceAC6/stm32f4discovery_hal_lib" -I"/home/hendri/MyWorkspace/workspaceAC6/06a-TimeTrigger/inc" -I"/home/hendri/MyWorkspace/workspaceAC6/stm32f4discovery_hal_lib/HAL_Driver/Inc" -I"/home/hendri/MyWorkspace/workspaceAC6/stm32f4discovery_hal_lib/HAL_Driver/Inc/Legacy" -I"/home/hendri/MyWorkspace/workspaceAC6/stm32f4discovery_hal_lib/Utilities/Components/wm8994" -I"/home/hendri/MyWorkspace/workspaceAC6/stm32f4discovery_hal_lib/Utilities/Components/n25q256a" -I"/home/hendri/MyWorkspace/workspaceAC6/stm32f4discovery_hal_lib/Utilities/Components/exc7200" -I"/home/hendri/MyWorkspace/workspaceAC6/stm32f4discovery_hal_lib/Utilities/Components/stmpe811" -I"/home/hendri/MyWorkspace/workspaceAC6/stm32f4discovery_hal_lib/Utilities/Components/ov2640" -I"/home/hendri/MyWorkspace/workspaceAC6/stm32f4discovery_hal_lib/Utilities/Components/Common" -I"/home/hendri/MyWorkspace/workspaceAC6/stm32f4discovery_hal_lib/Utilities/Components/ampire480272" -I"/home/hendri/MyWorkspace/workspaceAC6/stm32f4discovery_hal_lib/Utilities/Components/s5k5cag" -I"/home/hendri/MyWorkspace/workspaceAC6/stm32f4discovery_hal_lib/Utilities/Components/s25fl512s" -I"/home/hendri/MyWorkspace/workspaceAC6/stm32f4discovery_hal_lib/Utilities/Components/cs43l22" -I"/home/hendri/MyWorkspace/workspaceAC6/stm32f4discovery_hal_lib/Utilities/Components/ampire640480" -I"/home/hendri/MyWorkspace/workspaceAC6/stm32f4discovery_hal_lib/Utilities/Components/ili9341" -I"/home/hendri/MyWorkspace/workspaceAC6/stm32f4discovery_hal_lib/Utilities/Components/stmpe1600" -I"/home/hendri/MyWorkspace/workspaceAC6/stm32f4discovery_hal_lib/Utilities/Components/lsm303dlhc" -I"/home/hendri/MyWorkspace/workspaceAC6/stm32f4discovery_hal_lib/Utilities/Components/ili9325" -I"/home/hendri/MyWorkspace/workspaceAC6/stm32f4discovery_hal_lib/Utilities/Components/ft6x06" -I"/home/hendri/MyWorkspace/workspaceAC6/stm32f4discovery_hal_lib/Utilities/Components/lis302dl" -I"/home/hendri/MyWorkspace/workspaceAC6/stm32f4discovery_hal_lib/Utilities/Components/l3gd20" -I"/home/hendri/MyWorkspace/workspaceAC6/stm32f4discovery_hal_lib/Utilities/Components/mfxstm32l152" -I"/home/hendri/MyWorkspace/workspaceAC6/stm32f4discovery_hal_lib/Utilities/Components/otm8009a" -I"/home/hendri/MyWorkspace/workspaceAC6/stm32f4discovery_hal_lib/Utilities/Components/lis3dsh" -I"/home/hendri/MyWorkspace/workspaceAC6/stm32f4discovery_hal_lib/Utilities/Components/st7735" -I"/home/hendri/MyWorkspace/workspaceAC6/stm32f4discovery_hal_lib/Utilities/Components/n25q128a" -I"/home/hendri/MyWorkspace/workspaceAC6/stm32f4discovery_hal_lib/Utilities/Components/n25q512a" -I"/home/hendri/MyWorkspace/workspaceAC6/stm32f4discovery_hal_lib/Utilities/Components/ts3510" -I"/home/hendri/MyWorkspace/workspaceAC6/stm32f4discovery_hal_lib/Utilities" -I"/home/hendri/MyWorkspace/workspaceAC6/stm32f4discovery_hal_lib/Utilities/STM32F4-Discovery" -I"/home/hendri/MyWorkspace/workspaceAC6/stm32f4discovery_hal_lib/CMSIS/core" -I"/home/hendri/MyWorkspace/workspaceAC6/stm32f4discovery_hal_lib/CMSIS/device" -O0 -g3 -Wall -fmessage-length=0 -ffunction-sections -c -MMD -MP -MF"src/main.d" -MT"src/main.o" -o "src/main.o" "../src/main.c"
Finished building: ../src/main.c
 
Building file: ../src/seos.c
Invoking: MCU GCC Compiler
/home/hendri/MyWorkspace/workspaceAC6/06a-TimeTrigger/Debug
arm-none-eabi-gcc -mcpu=cortex-m4 -mthumb -mfloat-abi=hard -mfpu=fpv4-sp-d16 -DSTM32F407VGTx -DSTM32F4 -DSTM32F4DISCOVERY -DSTM32 -DDEBUG -DUSE_HAL_DRIVER -DSTM32F407xx -I"/home/hendri/MyWorkspace/workspaceAC6/stm32f4discovery_hal_lib" -I"/home/hendri/MyWorkspace/workspaceAC6/06a-TimeTrigger/inc" -I"/home/hendri/MyWorkspace/workspaceAC6/stm32f4discovery_hal_lib/HAL_Driver/Inc" -I"/home/hendri/MyWorkspace/workspaceAC6/stm32f4discovery_hal_lib/HAL_Driver/Inc/Legacy" -I"/home/hendri/MyWorkspace/workspaceAC6/stm32f4discovery_hal_lib/Utilities/Components/wm8994" -I"/home/hendri/MyWorkspace/workspaceAC6/stm32f4discovery_hal_lib/Utilities/Components/n25q256a" -I"/home/hendri/MyWorkspace/workspaceAC6/stm32f4discovery_hal_lib/Utilities/Components/exc7200" -I"/home/hendri/MyWorkspace/workspaceAC6/stm32f4discovery_hal_lib/Utilities/Components/stmpe811" -I"/home/hendri/MyWorkspace/workspaceAC6/stm32f4discovery_hal_lib/Utilities/Components/ov2640" -I"/home/hendri/MyWorkspace/workspaceAC6/stm32f4discovery_hal_lib/Utilities/Components/Common" -I"/home/hendri/MyWorkspace/workspaceAC6/stm32f4discovery_hal_lib/Utilities/Components/ampire480272" -I"/home/hendri/MyWorkspace/workspaceAC6/stm32f4discovery_hal_lib/Utilities/Components/s5k5cag" -I"/home/hendri/MyWorkspace/workspaceAC6/stm32f4discovery_hal_lib/Utilities/Components/s25fl512s" -I"/home/hendri/MyWorkspace/workspaceAC6/stm32f4discovery_hal_lib/Utilities/Components/cs43l22" -I"/home/hendri/MyWorkspace/workspaceAC6/stm32f4discovery_hal_lib/Utilities/Components/ampire640480" -I"/home/hendri/MyWorkspace/workspaceAC6/stm32f4discovery_hal_lib/Utilities/Components/ili9341" -I"/home/hendri/MyWorkspace/workspaceAC6/stm32f4discovery_hal_lib/Utilities/Components/stmpe1600" -I"/home/hendri/MyWorkspace/workspaceAC6/stm32f4discovery_hal_lib/Utilities/Components/lsm303dlhc" -I"/home/hendri/MyWorkspace/workspaceAC6/stm32f4discovery_hal_lib/Utilities/Components/ili9325" -I"/home/hendri/MyWorkspace/workspaceAC6/stm32f4discovery_hal_lib/Utilities/Components/ft6x06" -I"/home/hendri/MyWorkspace/workspaceAC6/stm32f4discovery_hal_lib/Utilities/Components/lis302dl" -I"/home/hendri/MyWorkspace/workspaceAC6/stm32f4discovery_hal_lib/Utilities/Components/l3gd20" -I"/home/hendri/MyWorkspace/workspaceAC6/stm32f4discovery_hal_lib/Utilities/Components/mfxstm32l152" -I"/home/hendri/MyWorkspace/workspaceAC6/stm32f4discovery_hal_lib/Utilities/Components/otm8009a" -I"/home/hendri/MyWorkspace/workspaceAC6/stm32f4discovery_hal_lib/Utilities/Components/lis3dsh" -I"/home/hendri/MyWorkspace/workspaceAC6/stm32f4discovery_hal_lib/Utilities/Components/st7735" -I"/home/hendri/MyWorkspace/workspaceAC6/stm32f4discovery_hal_lib/Utilities/Components/n25q128a" -I"/home/hendri/MyWorkspace/workspaceAC6/stm32f4discovery_hal_lib/Utilities/Components/n25q512a" -I"/home/hendri/MyWorkspace/workspaceAC6/stm32f4discovery_hal_lib/Utilities/Components/ts3510" -I"/home/hendri/MyWorkspace/workspaceAC6/stm32f4discovery_hal_lib/Utilities" -I"/home/hendri/MyWorkspace/workspaceAC6/stm32f4discovery_hal_lib/Utilities/STM32F4-Discovery" -I"/home/hendri/MyWorkspace/workspaceAC6/stm32f4discovery_hal_lib/CMSIS/core" -I"/home/hendri/MyWorkspace/workspaceAC6/stm32f4discovery_hal_lib/CMSIS/device" -O0 -g3 -Wall -fmessage-length=0 -ffunction-sections -c -MMD -MP -MF"src/seos.d" -MT"src/seos.o" -o "src/seos.o" "../src/seos.c"
Finished building: ../src/seos.c
 
Building file: ../src/stm32f4xx_it.c
Invoking: MCU GCC Compiler
/home/hendri/MyWorkspace/workspaceAC6/06a-TimeTrigger/Debug
arm-none-eabi-gcc -mcpu=cortex-m4 -mthumb -mfloat-abi=hard -mfpu=fpv4-sp-d16 -DSTM32F407VGTx -DSTM32F4 -DSTM32F4DISCOVERY -DSTM32 -DDEBUG -DUSE_HAL_DRIVER -DSTM32F407xx -I"/home/hendri/MyWorkspace/workspaceAC6/stm32f4discovery_hal_lib" -I"/home/hendri/MyWorkspace/workspaceAC6/06a-TimeTrigger/inc" -I"/home/hendri/MyWorkspace/workspaceAC6/stm32f4discovery_hal_lib/HAL_Driver/Inc" -I"/home/hendri/MyWorkspace/workspaceAC6/stm32f4discovery_hal_lib/HAL_Driver/Inc/Legacy" -I"/home/hendri/MyWorkspace/workspaceAC6/stm32f4discovery_hal_lib/Utilities/Components/wm8994" -I"/home/hendri/MyWorkspace/workspaceAC6/stm32f4discovery_hal_lib/Utilities/Components/n25q256a" -I"/home/hendri/MyWorkspace/workspaceAC6/stm32f4discovery_hal_lib/Utilities/Components/exc7200" -I"/home/hendri/MyWorkspace/workspaceAC6/stm32f4discovery_hal_lib/Utilities/Components/stmpe811" -I"/home/hendri/MyWorkspace/workspaceAC6/stm32f4discovery_hal_lib/Utilities/Components/ov2640" -I"/home/hendri/MyWorkspace/workspaceAC6/stm32f4discovery_hal_lib/Utilities/Components/Common" -I"/home/hendri/MyWorkspace/workspaceAC6/stm32f4discovery_hal_lib/Utilities/Components/ampire480272" -I"/home/hendri/MyWorkspace/workspaceAC6/stm32f4discovery_hal_lib/Utilities/Components/s5k5cag" -I"/home/hendri/MyWorkspace/workspaceAC6/stm32f4discovery_hal_lib/Utilities/Components/s25fl512s" -I"/home/hendri/MyWorkspace/workspaceAC6/stm32f4discovery_hal_lib/Utilities/Components/cs43l22" -I"/home/hendri/MyWorkspace/workspaceAC6/stm32f4discovery_hal_lib/Utilities/Components/ampire640480" -I"/home/hendri/MyWorkspace/workspaceAC6/stm32f4discovery_hal_lib/Utilities/Components/ili9341" -I"/home/hendri/MyWorkspace/workspaceAC6/stm32f4discovery_hal_lib/Utilities/Components/stmpe1600" -I"/home/hendri/MyWorkspace/workspaceAC6/stm32f4discovery_hal_lib/Utilities/Components/lsm303dlhc" -I"/home/hendri/MyWorkspace/workspaceAC6/stm32f4discovery_hal_lib/Utilities/Components/ili9325" -I"/home/hendri/MyWorkspace/workspaceAC6/stm32f4discovery_hal_lib/Utilities/Components/ft6x06" -I"/home/hendri/MyWorkspace/workspaceAC6/stm32f4discovery_hal_lib/Utilities/Components/lis302dl" -I"/home/hendri/MyWorkspace/workspaceAC6/stm32f4discovery_hal_lib/Utilities/Components/l3gd20" -I"/home/hendri/MyWorkspace/workspaceAC6/stm32f4discovery_hal_lib/Utilities/Components/mfxstm32l152" -I"/home/hendri/MyWorkspace/workspaceAC6/stm32f4discovery_hal_lib/Utilities/Components/otm8009a" -I"/home/hendri/MyWorkspace/workspaceAC6/stm32f4discovery_hal_lib/Utilities/Components/lis3dsh" -I"/home/hendri/MyWorkspace/workspaceAC6/stm32f4discovery_hal_lib/Utilities/Components/st7735" -I"/home/hendri/MyWorkspace/workspaceAC6/stm32f4discovery_hal_lib/Utilities/Components/n25q128a" -I"/home/hendri/MyWorkspace/workspaceAC6/stm32f4discovery_hal_lib/Utilities/Components/n25q512a" -I"/home/hendri/MyWorkspace/workspaceAC6/stm32f4discovery_hal_lib/Utilities/Components/ts3510" -I"/home/hendri/MyWorkspace/workspaceAC6/stm32f4discovery_hal_lib/Utilities" -I"/home/hendri/MyWorkspace/workspaceAC6/stm32f4discovery_hal_lib/Utilities/STM32F4-Discovery" -I"/home/hendri/MyWorkspace/workspaceAC6/stm32f4discovery_hal_lib/CMSIS/core" -I"/home/hendri/MyWorkspace/workspaceAC6/stm32f4discovery_hal_lib/CMSIS/device" -O0 -g3 -Wall -fmessage-length=0 -ffunction-sections -c -MMD -MP -MF"src/stm32f4xx_it.d" -MT"src/stm32f4xx_it.o" -o "src/stm32f4xx_it.o" "../src/stm32f4xx_it.c"
Finished building: ../src/stm32f4xx_it.c
 
Building file: ../src/syscalls.c
Invoking: MCU GCC Compiler
/home/hendri/MyWorkspace/workspaceAC6/06a-TimeTrigger/Debug
arm-none-eabi-gcc -mcpu=cortex-m4 -mthumb -mfloat-abi=hard -mfpu=fpv4-sp-d16 -DSTM32F407VGTx -DSTM32F4 -DSTM32F4DISCOVERY -DSTM32 -DDEBUG -DUSE_HAL_DRIVER -DSTM32F407xx -I"/home/hendri/MyWorkspace/workspaceAC6/stm32f4discovery_hal_lib" -I"/home/hendri/MyWorkspace/workspaceAC6/06a-TimeTrigger/inc" -I"/home/hendri/MyWorkspace/workspaceAC6/stm32f4discovery_hal_lib/HAL_Driver/Inc" -I"/home/hendri/MyWorkspace/workspaceAC6/stm32f4discovery_hal_lib/HAL_Driver/Inc/Legacy" -I"/home/hendri/MyWorkspace/workspaceAC6/stm32f4discovery_hal_lib/Utilities/Components/wm8994" -I"/home/hendri/MyWorkspace/workspaceAC6/stm32f4discovery_hal_lib/Utilities/Components/n25q256a" -I"/home/hendri/MyWorkspace/workspaceAC6/stm32f4discovery_hal_lib/Utilities/Components/exc7200" -I"/home/hendri/MyWorkspace/workspaceAC6/stm32f4discovery_hal_lib/Utilities/Components/stmpe811" -I"/home/hendri/MyWorkspace/workspaceAC6/stm32f4discovery_hal_lib/Utilities/Components/ov2640" -I"/home/hendri/MyWorkspace/workspaceAC6/stm32f4discovery_hal_lib/Utilities/Components/Common" -I"/home/hendri/MyWorkspace/workspaceAC6/stm32f4discovery_hal_lib/Utilities/Components/ampire480272" -I"/home/hendri/MyWorkspace/workspaceAC6/stm32f4discovery_hal_lib/Utilities/Components/s5k5cag" -I"/home/hendri/MyWorkspace/workspaceAC6/stm32f4discovery_hal_lib/Utilities/Components/s25fl512s" -I"/home/hendri/MyWorkspace/workspaceAC6/stm32f4discovery_hal_lib/Utilities/Components/cs43l22" -I"/home/hendri/MyWorkspace/workspaceAC6/stm32f4discovery_hal_lib/Utilities/Components/ampire640480" -I"/home/hendri/MyWorkspace/workspaceAC6/stm32f4discovery_hal_lib/Utilities/Components/ili9341" -I"/home/hendri/MyWorkspace/workspaceAC6/stm32f4discovery_hal_lib/Utilities/Components/stmpe1600" -I"/home/hendri/MyWorkspace/workspaceAC6/stm32f4discovery_hal_lib/Utilities/Components/lsm303dlhc" -I"/home/hendri/MyWorkspace/workspaceAC6/stm32f4discovery_hal_lib/Utilities/Components/ili9325" -I"/home/hendri/MyWorkspace/workspaceAC6/stm32f4discovery_hal_lib/Utilities/Components/ft6x06" -I"/home/hendri/MyWorkspace/workspaceAC6/stm32f4discovery_hal_lib/Utilities/Components/lis302dl" -I"/home/hendri/MyWorkspace/workspaceAC6/stm32f4discovery_hal_lib/Utilities/Components/l3gd20" -I"/home/hendri/MyWorkspace/workspaceAC6/stm32f4discovery_hal_lib/Utilities/Components/mfxstm32l152" -I"/home/hendri/MyWorkspace/workspaceAC6/stm32f4discovery_hal_lib/Utilities/Components/otm8009a" -I"/home/hendri/MyWorkspace/workspaceAC6/stm32f4discovery_hal_lib/Utilities/Components/lis3dsh" -I"/home/hendri/MyWorkspace/workspaceAC6/stm32f4discovery_hal_lib/Utilities/Components/st7735" -I"/home/hendri/MyWorkspace/workspaceAC6/stm32f4discovery_hal_lib/Utilities/Components/n25q128a" -I"/home/hendri/MyWorkspace/workspaceAC6/stm32f4discovery_hal_lib/Utilities/Components/n25q512a" -I"/home/hendri/MyWorkspace/workspaceAC6/stm32f4discovery_hal_lib/Utilities/Components/ts3510" -I"/home/hendri/MyWorkspace/workspaceAC6/stm32f4discovery_hal_lib/Utilities" -I"/home/hendri/MyWorkspace/workspaceAC6/stm32f4discovery_hal_lib/Utilities/STM32F4-Discovery" -I"/home/hendri/MyWorkspace/workspaceAC6/stm32f4discovery_hal_lib/CMSIS/core" -I"/home/hendri/MyWorkspace/workspaceAC6/stm32f4discovery_hal_lib/CMSIS/device" -O0 -g3 -Wall -fmessage-length=0 -ffunction-sections -c -MMD -MP -MF"src/syscalls.d" -MT"src/syscalls.o" -o "src/syscalls.o" "../src/syscalls.c"
Finished building: ../src/syscalls.c
 
Building file: ../src/system_stm32f4xx.c
Invoking: MCU GCC Compiler
/home/hendri/MyWorkspace/workspaceAC6/06a-TimeTrigger/Debug
arm-none-eabi-gcc -mcpu=cortex-m4 -mthumb -mfloat-abi=hard -mfpu=fpv4-sp-d16 -DSTM32F407VGTx -DSTM32F4 -DSTM32F4DISCOVERY -DSTM32 -DDEBUG -DUSE_HAL_DRIVER -DSTM32F407xx -I"/home/hendri/MyWorkspace/workspaceAC6/stm32f4discovery_hal_lib" -I"/home/hendri/MyWorkspace/workspaceAC6/06a-TimeTrigger/inc" -I"/home/hendri/MyWorkspace/workspaceAC6/stm32f4discovery_hal_lib/HAL_Driver/Inc" -I"/home/hendri/MyWorkspace/workspaceAC6/stm32f4discovery_hal_lib/HAL_Driver/Inc/Legacy" -I"/home/hendri/MyWorkspace/workspaceAC6/stm32f4discovery_hal_lib/Utilities/Components/wm8994" -I"/home/hendri/MyWorkspace/workspaceAC6/stm32f4discovery_hal_lib/Utilities/Components/n25q256a" -I"/home/hendri/MyWorkspace/workspaceAC6/stm32f4discovery_hal_lib/Utilities/Components/exc7200" -I"/home/hendri/MyWorkspace/workspaceAC6/stm32f4discovery_hal_lib/Utilities/Components/stmpe811" -I"/home/hendri/MyWorkspace/workspaceAC6/stm32f4discovery_hal_lib/Utilities/Components/ov2640" -I"/home/hendri/MyWorkspace/workspaceAC6/stm32f4discovery_hal_lib/Utilities/Components/Common" -I"/home/hendri/MyWorkspace/workspaceAC6/stm32f4discovery_hal_lib/Utilities/Components/ampire480272" -I"/home/hendri/MyWorkspace/workspaceAC6/stm32f4discovery_hal_lib/Utilities/Components/s5k5cag" -I"/home/hendri/MyWorkspace/workspaceAC6/stm32f4discovery_hal_lib/Utilities/Components/s25fl512s" -I"/home/hendri/MyWorkspace/workspaceAC6/stm32f4discovery_hal_lib/Utilities/Components/cs43l22" -I"/home/hendri/MyWorkspace/workspaceAC6/stm32f4discovery_hal_lib/Utilities/Components/ampire640480" -I"/home/hendri/MyWorkspace/workspaceAC6/stm32f4discovery_hal_lib/Utilities/Components/ili9341" -I"/home/hendri/MyWorkspace/workspaceAC6/stm32f4discovery_hal_lib/Utilities/Components/stmpe1600" -I"/home/hendri/MyWorkspace/workspaceAC6/stm32f4discovery_hal_lib/Utilities/Components/lsm303dlhc" -I"/home/hendri/MyWorkspace/workspaceAC6/stm32f4discovery_hal_lib/Utilities/Components/ili9325" -I"/home/hendri/MyWorkspace/workspaceAC6/stm32f4discovery_hal_lib/Utilities/Components/ft6x06" -I"/home/hendri/MyWorkspace/workspaceAC6/stm32f4discovery_hal_lib/Utilities/Components/lis302dl" -I"/home/hendri/MyWorkspace/workspaceAC6/stm32f4discovery_hal_lib/Utilities/Components/l3gd20" -I"/home/hendri/MyWorkspace/workspaceAC6/stm32f4discovery_hal_lib/Utilities/Components/mfxstm32l152" -I"/home/hendri/MyWorkspace/workspaceAC6/stm32f4discovery_hal_lib/Utilities/Components/otm8009a" -I"/home/hendri/MyWorkspace/workspaceAC6/stm32f4discovery_hal_lib/Utilities/Components/lis3dsh" -I"/home/hendri/MyWorkspace/workspaceAC6/stm32f4discovery_hal_lib/Utilities/Components/st7735" -I"/home/hendri/MyWorkspace/workspaceAC6/stm32f4discovery_hal_lib/Utilities/Components/n25q128a" -I"/home/hendri/MyWorkspace/workspaceAC6/stm32f4discovery_hal_lib/Utilities/Components/n25q512a" -I"/home/hendri/MyWorkspace/workspaceAC6/stm32f4discovery_hal_lib/Utilities/Components/ts3510" -I"/home/hendri/MyWorkspace/workspaceAC6/stm32f4discovery_hal_lib/Utilities" -I"/home/hendri/MyWorkspace/workspaceAC6/stm32f4discovery_hal_lib/Utilities/STM32F4-Discovery" -I"/home/hendri/MyWorkspace/workspaceAC6/stm32f4discovery_hal_lib/CMSIS/core" -I"/home/hendri/MyWorkspace/workspaceAC6/stm32f4discovery_hal_lib/CMSIS/device" -O0 -g3 -Wall -fmessage-length=0 -ffunction-sections -c -MMD -MP -MF"src/system_stm32f4xx.d" -MT"src/system_stm32f4xx.o" -o "src/system_stm32f4xx.o" "../src/system_stm32f4xx.c"
Finished building: ../src/system_stm32f4xx.c
 
Building file: ../src/task.c
Invoking: MCU GCC Compiler
/home/hendri/MyWorkspace/workspaceAC6/06a-TimeTrigger/Debug
arm-none-eabi-gcc -mcpu=cortex-m4 -mthumb -mfloat-abi=hard -mfpu=fpv4-sp-d16 -DSTM32F407VGTx -DSTM32F4 -DSTM32F4DISCOVERY -DSTM32 -DDEBUG -DUSE_HAL_DRIVER -DSTM32F407xx -I"/home/hendri/MyWorkspace/workspaceAC6/stm32f4discovery_hal_lib" -I"/home/hendri/MyWorkspace/workspaceAC6/06a-TimeTrigger/inc" -I"/home/hendri/MyWorkspace/workspaceAC6/stm32f4discovery_hal_lib/HAL_Driver/Inc" -I"/home/hendri/MyWorkspace/workspaceAC6/stm32f4discovery_hal_lib/HAL_Driver/Inc/Legacy" -I"/home/hendri/MyWorkspace/workspaceAC6/stm32f4discovery_hal_lib/Utilities/Components/wm8994" -I"/home/hendri/MyWorkspace/workspaceAC6/stm32f4discovery_hal_lib/Utilities/Components/n25q256a" -I"/home/hendri/MyWorkspace/workspaceAC6/stm32f4discovery_hal_lib/Utilities/Components/exc7200" -I"/home/hendri/MyWorkspace/workspaceAC6/stm32f4discovery_hal_lib/Utilities/Components/stmpe811" -I"/home/hendri/MyWorkspace/workspaceAC6/stm32f4discovery_hal_lib/Utilities/Components/ov2640" -I"/home/hendri/MyWorkspace/workspaceAC6/stm32f4discovery_hal_lib/Utilities/Components/Common" -I"/home/hendri/MyWorkspace/workspaceAC6/stm32f4discovery_hal_lib/Utilities/Components/ampire480272" -I"/home/hendri/MyWorkspace/workspaceAC6/stm32f4discovery_hal_lib/Utilities/Components/s5k5cag" -I"/home/hendri/MyWorkspace/workspaceAC6/stm32f4discovery_hal_lib/Utilities/Components/s25fl512s" -I"/home/hendri/MyWorkspace/workspaceAC6/stm32f4discovery_hal_lib/Utilities/Components/cs43l22" -I"/home/hendri/MyWorkspace/workspaceAC6/stm32f4discovery_hal_lib/Utilities/Components/ampire640480" -I"/home/hendri/MyWorkspace/workspaceAC6/stm32f4discovery_hal_lib/Utilities/Components/ili9341" -I"/home/hendri/MyWorkspace/workspaceAC6/stm32f4discovery_hal_lib/Utilities/Components/stmpe1600" -I"/home/hendri/MyWorkspace/workspaceAC6/stm32f4discovery_hal_lib/Utilities/Components/lsm303dlhc" -I"/home/hendri/MyWorkspace/workspaceAC6/stm32f4discovery_hal_lib/Utilities/Components/ili9325" -I"/home/hendri/MyWorkspace/workspaceAC6/stm32f4discovery_hal_lib/Utilities/Components/ft6x06" -I"/home/hendri/MyWorkspace/workspaceAC6/stm32f4discovery_hal_lib/Utilities/Components/lis302dl" -I"/home/hendri/MyWorkspace/workspaceAC6/stm32f4discovery_hal_lib/Utilities/Components/l3gd20" -I"/home/hendri/MyWorkspace/workspaceAC6/stm32f4discovery_hal_lib/Utilities/Components/mfxstm32l152" -I"/home/hendri/MyWorkspace/workspaceAC6/stm32f4discovery_hal_lib/Utilities/Components/otm8009a" -I"/home/hendri/MyWorkspace/workspaceAC6/stm32f4discovery_hal_lib/Utilities/Components/lis3dsh" -I"/home/hendri/MyWorkspace/workspaceAC6/stm32f4discovery_hal_lib/Utilities/Components/st7735" -I"/home/hendri/MyWorkspace/workspaceAC6/stm32f4discovery_hal_lib/Utilities/Components/n25q128a" -I"/home/hendri/MyWorkspace/workspaceAC6/stm32f4discovery_hal_lib/Utilities/Components/n25q512a" -I"/home/hendri/MyWorkspace/workspaceAC6/stm32f4discovery_hal_lib/Utilities/Components/ts3510" -I"/home/hendri/MyWorkspace/workspaceAC6/stm32f4discovery_hal_lib/Utilities" -I"/home/hendri/MyWorkspace/workspaceAC6/stm32f4discovery_hal_lib/Utilities/STM32F4-Discovery" -I"/home/hendri/MyWorkspace/workspaceAC6/stm32f4discovery_hal_lib/CMSIS/core" -I"/home/hendri/MyWorkspace/workspaceAC6/stm32f4discovery_hal_lib/CMSIS/device" -O0 -g3 -Wall -fmessage-length=0 -ffunction-sections -c -MMD -MP -MF"src/task.d" -MT"src/task.o" -o "src/task.o" "../src/task.c"
../src/task.c: In function 'Task_Run':
../src/task.c:22:3: warning: implicit declaration of function 'CounterUpdate' [-Wimplicit-function-declaration]
   CounterUpdate();
   ^
../src/task.c:23:2: warning: implicit declaration of function 'counterShow' [-Wimplicit-function-declaration]
  counterShow();
  ^
Finished building: ../src/task.c
 
Building target: 06a-TimeTrigger.elf
Invoking: MCU GCC Linker
arm-none-eabi-gcc -mcpu=cortex-m4 -mthumb -mfloat-abi=hard -mfpu=fpv4-sp-d16 -L"/home/hendri/MyWorkspace/workspaceAC6/stm32f4discovery_hal_lib/Debug" -T"/home/hendri/MyWorkspace/workspaceAC6/06a-TimeTrigger/LinkerScript.ld" -Wl,-Map=output.map -Wl,--gc-sections -lm -o "06a-TimeTrigger.elf" @"objects.list"  -lstm32f4discovery_hal_lib
Finished building target: 06a-TimeTrigger.elf
 
make --no-print-directory post-build
Generating binary and Printing size information:
arm-none-eabi-objcopy -O binary "06a-TimeTrigger.elf" "06a-TimeTrigger.bin"
arm-none-eabi-size "06a-TimeTrigger.elf"
   text	   data	    bss	    dec	    hex	filename
   6484	   1100	   1120	   8704	   2200	06a-TimeTrigger.elf
 

14:03:07 Build Finished (took 1s.726ms)

