14:15:29 **** Incremental Build of configuration Debug for project NUCLEO64_16_ADC_continues ****
make all 
Building file: ../Src/main.c
Invoking: MCU GCC Compiler
/home/hendri/MyWorkspace/workspaceAC6/NUCLEO64_16_ADC_continues/Debug
arm-none-eabi-gcc -mcpu=cortex-m4 -mthumb -mfloat-abi=hard -mfpu=fpv4-sp-d16 '-D__weak=__attribute__((weak))' '-D__packed="__attribute__((__packed__))"' -DUSE_HAL_DRIVER -DSTM32F446xx -I"/home/hendri/MyWorkspace/workspaceAC6/NUCLEO64_16_ADC_continues/Inc" -I"/home/hendri/MyWorkspace/workspaceAC6/NUCLEO64_16_ADC_continues/Drivers/STM32F4xx_HAL_Driver/Inc" -I"/home/hendri/MyWorkspace/workspaceAC6/NUCLEO64_16_ADC_continues/Drivers/STM32F4xx_HAL_Driver/Inc/Legacy" -I"/home/hendri/MyWorkspace/workspaceAC6/NUCLEO64_16_ADC_continues/Drivers/CMSIS/Device/ST/STM32F4xx/Include" -I"/home/hendri/MyWorkspace/workspaceAC6/NUCLEO64_16_ADC_continues/Drivers/CMSIS/Include"  -Og -g3 -Wall -fmessage-length=0 -ffunction-sections -c -fmessage-length=0 -MMD -MP -MF"Src/main.d" -MT"Src/main.o" -o "Src/main.o" "../Src/main.c"
Finished building: ../Src/main.c
 
Building target: NUCLEO64_16_ADC_continues.elf
Invoking: MCU GCC Linker
arm-none-eabi-gcc -mcpu=cortex-m4 -mthumb -mfloat-abi=hard -mfpu=fpv4-sp-d16 -specs=nosys.specs -specs=nano.specs -Xlinker -u_printf_float -T"../STM32F446RETx_FLASH.ld" -Wl,-Map=output.map -Wl,--gc-sections -o "NUCLEO64_16_ADC_continues.elf" @"objects.list"   -lm
Finished building target: NUCLEO64_16_ADC_continues.elf
 
make --no-print-directory post-build
Generating binary and Printing size information:
arm-none-eabi-objcopy -O binary "NUCLEO64_16_ADC_continues.elf" "NUCLEO64_16_ADC_continues.bin"
arm-none-eabi-size "NUCLEO64_16_ADC_continues.elf"
   text	   data	    bss	    dec	    hex	filename
  20640	    484	   1756	  22880	   5960	NUCLEO64_16_ADC_continues.elf
 

14:15:30 Build Finished (took 1s.127ms)

