14:44:54 **** Incremental Build of configuration Debug for project p02-countingObject-strutur ****
make all 
Building file: ../src/main.c
Invoking: MCU GCC Compiler
/home/hendri/MyWorkspace/workspaceAC6/p02-countingObject-strutur/Debug
arm-none-eabi-gcc -mcpu=cortex-m4 -mthumb -mfloat-abi=hard -mfpu=fpv4-sp-d16 -DSTM32F407VGTx -DSTM32F4 -DSTM32F4DISCOVERY -DSTM32 -DDEBUG -DUSE_HAL_DRIVER -DSTM32F407xx -I"/home/hendri/MyWorkspace/workspaceAC6/p02-countingObject-strutur/inc" -I"/home/hendri/MyWorkspace/workspaceAC6/p02-countingObject-strutur/HAL_Driver/Inc" -I"/home/hendri/MyWorkspace/workspaceAC6/p02-countingObject-strutur/HAL_Driver/Inc/Legacy" -I"/home/hendri/MyWorkspace/workspaceAC6/p02-countingObject-strutur/Utilities/Components/wm8994" -I"/home/hendri/MyWorkspace/workspaceAC6/p02-countingObject-strutur/Utilities/Components/n25q256a" -I"/home/hendri/MyWorkspace/workspaceAC6/p02-countingObject-strutur/Utilities/Components/exc7200" -I"/home/hendri/MyWorkspace/workspaceAC6/p02-countingObject-strutur/Utilities/Components/stmpe811" -I"/home/hendri/MyWorkspace/workspaceAC6/p02-countingObject-strutur/Utilities/Components/ov2640" -I"/home/hendri/MyWorkspace/workspaceAC6/p02-countingObject-strutur/Utilities/Components/Common" -I"/home/hendri/MyWorkspace/workspaceAC6/p02-countingObject-strutur/Utilities/Components/ampire480272" -I"/home/hendri/MyWorkspace/workspaceAC6/p02-countingObject-strutur/Utilities/Components/ls016b8uy" -I"/home/hendri/MyWorkspace/workspaceAC6/p02-countingObject-strutur/Utilities/Components/s5k5cag" -I"/home/hendri/MyWorkspace/workspaceAC6/p02-countingObject-strutur/Utilities/Components/s25fl512s" -I"/home/hendri/MyWorkspace/workspaceAC6/p02-countingObject-strutur/Utilities/Components/cs43l22" -I"/home/hendri/MyWorkspace/workspaceAC6/p02-countingObject-strutur/Utilities/Components/ampire640480" -I"/home/hendri/MyWorkspace/workspaceAC6/p02-countingObject-strutur/Utilities/Components/ili9341" -I"/home/hendri/MyWorkspace/workspaceAC6/p02-countingObject-strutur/Utilities/Components/stmpe1600" -I"/home/hendri/MyWorkspace/workspaceAC6/p02-countingObject-strutur/Utilities/Components/st7789h2" -I"/home/hendri/MyWorkspace/workspaceAC6/p02-countingObject-strutur/Utilities/Components/lsm303dlhc" -I"/home/hendri/MyWorkspace/workspaceAC6/p02-countingObject-strutur/Utilities/Components/ili9325" -I"/home/hendri/MyWorkspace/workspaceAC6/p02-countingObject-strutur/Utilities/Components/ft6x06" -I"/home/hendri/MyWorkspace/workspaceAC6/p02-countingObject-strutur/Utilities/Components/lis302dl" -I"/home/hendri/MyWorkspace/workspaceAC6/p02-countingObject-strutur/Utilities/Components/l3gd20" -I"/home/hendri/MyWorkspace/workspaceAC6/p02-countingObject-strutur/Utilities/Components/mfxstm32l152" -I"/home/hendri/MyWorkspace/workspaceAC6/p02-countingObject-strutur/Utilities/Components/otm8009a" -I"/home/hendri/MyWorkspace/workspaceAC6/p02-countingObject-strutur/Utilities/Components/lis3dsh" -I"/home/hendri/MyWorkspace/workspaceAC6/p02-countingObject-strutur/Utilities/Components/st7735" -I"/home/hendri/MyWorkspace/workspaceAC6/p02-countingObject-strutur/Utilities/Components/n25q128a" -I"/home/hendri/MyWorkspace/workspaceAC6/p02-countingObject-strutur/Utilities/Components/n25q512a" -I"/home/hendri/MyWorkspace/workspaceAC6/p02-countingObject-strutur/Utilities/Components/ts3510" -I"/home/hendri/MyWorkspace/workspaceAC6/p02-countingObject-strutur/Utilities" -I"/home/hendri/MyWorkspace/workspaceAC6/p02-countingObject-strutur/Utilities/STM32F4-Discovery" -I"/home/hendri/MyWorkspace/workspaceAC6/p02-countingObject-strutur/CMSIS/core" -I"/home/hendri/MyWorkspace/workspaceAC6/p02-countingObject-strutur/CMSIS/device" -O0 -g3 -Wall -fmessage-length=0 -ffunction-sections -c -MMD -MP -MF"src/main.d" -MT"src/main.o" -o "src/main.o" "../src/main.c"
Finished building: ../src/main.c
 
Building file: ../src/sensor.c
Invoking: MCU GCC Compiler
/home/hendri/MyWorkspace/workspaceAC6/p02-countingObject-strutur/Debug
arm-none-eabi-gcc -mcpu=cortex-m4 -mthumb -mfloat-abi=hard -mfpu=fpv4-sp-d16 -DSTM32F407VGTx -DSTM32F4 -DSTM32F4DISCOVERY -DSTM32 -DDEBUG -DUSE_HAL_DRIVER -DSTM32F407xx -I"/home/hendri/MyWorkspace/workspaceAC6/p02-countingObject-strutur/inc" -I"/home/hendri/MyWorkspace/workspaceAC6/p02-countingObject-strutur/HAL_Driver/Inc" -I"/home/hendri/MyWorkspace/workspaceAC6/p02-countingObject-strutur/HAL_Driver/Inc/Legacy" -I"/home/hendri/MyWorkspace/workspaceAC6/p02-countingObject-strutur/Utilities/Components/wm8994" -I"/home/hendri/MyWorkspace/workspaceAC6/p02-countingObject-strutur/Utilities/Components/n25q256a" -I"/home/hendri/MyWorkspace/workspaceAC6/p02-countingObject-strutur/Utilities/Components/exc7200" -I"/home/hendri/MyWorkspace/workspaceAC6/p02-countingObject-strutur/Utilities/Components/stmpe811" -I"/home/hendri/MyWorkspace/workspaceAC6/p02-countingObject-strutur/Utilities/Components/ov2640" -I"/home/hendri/MyWorkspace/workspaceAC6/p02-countingObject-strutur/Utilities/Components/Common" -I"/home/hendri/MyWorkspace/workspaceAC6/p02-countingObject-strutur/Utilities/Components/ampire480272" -I"/home/hendri/MyWorkspace/workspaceAC6/p02-countingObject-strutur/Utilities/Components/ls016b8uy" -I"/home/hendri/MyWorkspace/workspaceAC6/p02-countingObject-strutur/Utilities/Components/s5k5cag" -I"/home/hendri/MyWorkspace/workspaceAC6/p02-countingObject-strutur/Utilities/Components/s25fl512s" -I"/home/hendri/MyWorkspace/workspaceAC6/p02-countingObject-strutur/Utilities/Components/cs43l22" -I"/home/hendri/MyWorkspace/workspaceAC6/p02-countingObject-strutur/Utilities/Components/ampire640480" -I"/home/hendri/MyWorkspace/workspaceAC6/p02-countingObject-strutur/Utilities/Components/ili9341" -I"/home/hendri/MyWorkspace/workspaceAC6/p02-countingObject-strutur/Utilities/Components/stmpe1600" -I"/home/hendri/MyWorkspace/workspaceAC6/p02-countingObject-strutur/Utilities/Components/st7789h2" -I"/home/hendri/MyWorkspace/workspaceAC6/p02-countingObject-strutur/Utilities/Components/lsm303dlhc" -I"/home/hendri/MyWorkspace/workspaceAC6/p02-countingObject-strutur/Utilities/Components/ili9325" -I"/home/hendri/MyWorkspace/workspaceAC6/p02-countingObject-strutur/Utilities/Components/ft6x06" -I"/home/hendri/MyWorkspace/workspaceAC6/p02-countingObject-strutur/Utilities/Components/lis302dl" -I"/home/hendri/MyWorkspace/workspaceAC6/p02-countingObject-strutur/Utilities/Components/l3gd20" -I"/home/hendri/MyWorkspace/workspaceAC6/p02-countingObject-strutur/Utilities/Components/mfxstm32l152" -I"/home/hendri/MyWorkspace/workspaceAC6/p02-countingObject-strutur/Utilities/Components/otm8009a" -I"/home/hendri/MyWorkspace/workspaceAC6/p02-countingObject-strutur/Utilities/Components/lis3dsh" -I"/home/hendri/MyWorkspace/workspaceAC6/p02-countingObject-strutur/Utilities/Components/st7735" -I"/home/hendri/MyWorkspace/workspaceAC6/p02-countingObject-strutur/Utilities/Components/n25q128a" -I"/home/hendri/MyWorkspace/workspaceAC6/p02-countingObject-strutur/Utilities/Components/n25q512a" -I"/home/hendri/MyWorkspace/workspaceAC6/p02-countingObject-strutur/Utilities/Components/ts3510" -I"/home/hendri/MyWorkspace/workspaceAC6/p02-countingObject-strutur/Utilities" -I"/home/hendri/MyWorkspace/workspaceAC6/p02-countingObject-strutur/Utilities/STM32F4-Discovery" -I"/home/hendri/MyWorkspace/workspaceAC6/p02-countingObject-strutur/CMSIS/core" -I"/home/hendri/MyWorkspace/workspaceAC6/p02-countingObject-strutur/CMSIS/device" -O0 -g3 -Wall -fmessage-length=0 -ffunction-sections -c -MMD -MP -MF"src/sensor.d" -MT"src/sensor.o" -o "src/sensor.o" "../src/sensor.c"
Finished building: ../src/sensor.c
 
Building target: p02-countingObject-strutur.elf
Invoking: MCU GCC Linker
arm-none-eabi-gcc -mcpu=cortex-m4 -mthumb -mfloat-abi=hard -mfpu=fpv4-sp-d16 -T"/home/hendri/MyWorkspace/workspaceAC6/p02-countingObject-strutur/LinkerScript.ld" -Wl,-Map=output.map -Wl,--gc-sections -o "p02-countingObject-strutur.elf" @"objects.list"   -lm
Finished building target: p02-countingObject-strutur.elf
 
make --no-print-directory post-build
Generating binary and Printing size information:
arm-none-eabi-objcopy -O binary "p02-countingObject-strutur.elf" "p02-countingObject-strutur.bin"
arm-none-eabi-size "p02-countingObject-strutur.elf"
   text	   data	    bss	    dec	    hex	filename
   5896	   1088	   1100	   8084	   1f94	p02-countingObject-strutur.elf
 

14:44:55 Build Finished (took 1s.167ms)

