19:31:36 **** Incremental Build of configuration Debug for project p02-countingObject_withFunction2021 ****
make all 
arm-none-eabi-gcc "../src/main.c" -mcpu=cortex-m4 -std=gnu11 -g3 -DSTM32F407VGTx -DSTM32F4 -DSTM32F4DISCOVERY -DSTM32 -DDEBUG -DUSE_HAL_DRIVER -DSTM32F407xx -c -I"/home/hendri/MyWorkspace/workspaceAC6/p02-countingObject_withFunction2021/inc" -I"/home/hendri/MyWorkspace/workspaceAC6/p02-countingObject_withFunction2021/HAL_Driver/Inc" -I"/home/hendri/MyWorkspace/workspaceAC6/p02-countingObject_withFunction2021/HAL_Driver/Inc/Legacy" -I"/home/hendri/MyWorkspace/workspaceAC6/p02-countingObject_withFunction2021/Utilities/Components/wm8994" -I"/home/hendri/MyWorkspace/workspaceAC6/p02-countingObject_withFunction2021/Utilities/Components/n25q256a" -I"/home/hendri/MyWorkspace/workspaceAC6/p02-countingObject_withFunction2021/Utilities/Components/exc7200" -I"/home/hendri/MyWorkspace/workspaceAC6/p02-countingObject_withFunction2021/Utilities/Components/stmpe811" -I"/home/hendri/MyWorkspace/workspaceAC6/p02-countingObject_withFunction2021/Utilities/Components/ov2640" -I"/home/hendri/MyWorkspace/workspaceAC6/p02-countingObject_withFunction2021/Utilities/Components/Common" -I"/home/hendri/MyWorkspace/workspaceAC6/p02-countingObject_withFunction2021/Utilities/Components/ampire480272" -I"/home/hendri/MyWorkspace/workspaceAC6/p02-countingObject_withFunction2021/Utilities/Components/ls016b8uy" -I"/home/hendri/MyWorkspace/workspaceAC6/p02-countingObject_withFunction2021/Utilities/Components/s5k5cag" -I"/home/hendri/MyWorkspace/workspaceAC6/p02-countingObject_withFunction2021/Utilities/Components/s25fl512s" -I"/home/hendri/MyWorkspace/workspaceAC6/p02-countingObject_withFunction2021/Utilities/Components/cs43l22" -I"/home/hendri/MyWorkspace/workspaceAC6/p02-countingObject_withFunction2021/Utilities/Components/ampire640480" -I"/home/hendri/MyWorkspace/workspaceAC6/p02-countingObject_withFunction2021/Utilities/Components/ili9341" -I"/home/hendri/MyWorkspace/workspaceAC6/p02-countingObject_withFunction2021/Utilities/Components/stmpe1600" -I"/home/hendri/MyWorkspace/workspaceAC6/p02-countingObject_withFunction2021/Utilities/Components/st7789h2" -I"/home/hendri/MyWorkspace/workspaceAC6/p02-countingObject_withFunction2021/Utilities/Components/lsm303dlhc" -I"/home/hendri/MyWorkspace/workspaceAC6/p02-countingObject_withFunction2021/Utilities/Components/ili9325" -I"/home/hendri/MyWorkspace/workspaceAC6/p02-countingObject_withFunction2021/Utilities/Components/ft6x06" -I"/home/hendri/MyWorkspace/workspaceAC6/p02-countingObject_withFunction2021/Utilities/Components/lis302dl" -I"/home/hendri/MyWorkspace/workspaceAC6/p02-countingObject_withFunction2021/Utilities/Components/l3gd20" -I"/home/hendri/MyWorkspace/workspaceAC6/p02-countingObject_withFunction2021/Utilities/Components/mfxstm32l152" -I"/home/hendri/MyWorkspace/workspaceAC6/p02-countingObject_withFunction2021/Utilities/Components/otm8009a" -I"/home/hendri/MyWorkspace/workspaceAC6/p02-countingObject_withFunction2021/Utilities/Components/lis3dsh" -I"/home/hendri/MyWorkspace/workspaceAC6/p02-countingObject_withFunction2021/Utilities/Components/st7735" -I"/home/hendri/MyWorkspace/workspaceAC6/p02-countingObject_withFunction2021/Utilities/Components/n25q128a" -I"/home/hendri/MyWorkspace/workspaceAC6/p02-countingObject_withFunction2021/Utilities/Components/n25q512a" -I"/home/hendri/MyWorkspace/workspaceAC6/p02-countingObject_withFunction2021/Utilities/Components/ts3510" -I"/home/hendri/MyWorkspace/workspaceAC6/p02-countingObject_withFunction2021/Utilities" -I"/home/hendri/MyWorkspace/workspaceAC6/p02-countingObject_withFunction2021/Utilities/STM32F4-Discovery" -I"/home/hendri/MyWorkspace/workspaceAC6/p02-countingObject_withFunction2021/CMSIS/core" -I"/home/hendri/MyWorkspace/workspaceAC6/p02-countingObject_withFunction2021/CMSIS/device" -O0 -ffunction-sections -Wall -fstack-usage -MMD -MP -MF"src/main.d" -MT"src/main.o" --specs=nano.specs -mfpu=fpv4-sp-d16 -mfloat-abi=hard -mthumb -o "src/main.o"
arm-none-eabi-gcc "../src/sensor.c" -mcpu=cortex-m4 -std=gnu11 -g3 -DSTM32F407VGTx -DSTM32F4 -DSTM32F4DISCOVERY -DSTM32 -DDEBUG -DUSE_HAL_DRIVER -DSTM32F407xx -c -I"/home/hendri/MyWorkspace/workspaceAC6/p02-countingObject_withFunction2021/inc" -I"/home/hendri/MyWorkspace/workspaceAC6/p02-countingObject_withFunction2021/HAL_Driver/Inc" -I"/home/hendri/MyWorkspace/workspaceAC6/p02-countingObject_withFunction2021/HAL_Driver/Inc/Legacy" -I"/home/hendri/MyWorkspace/workspaceAC6/p02-countingObject_withFunction2021/Utilities/Components/wm8994" -I"/home/hendri/MyWorkspace/workspaceAC6/p02-countingObject_withFunction2021/Utilities/Components/n25q256a" -I"/home/hendri/MyWorkspace/workspaceAC6/p02-countingObject_withFunction2021/Utilities/Components/exc7200" -I"/home/hendri/MyWorkspace/workspaceAC6/p02-countingObject_withFunction2021/Utilities/Components/stmpe811" -I"/home/hendri/MyWorkspace/workspaceAC6/p02-countingObject_withFunction2021/Utilities/Components/ov2640" -I"/home/hendri/MyWorkspace/workspaceAC6/p02-countingObject_withFunction2021/Utilities/Components/Common" -I"/home/hendri/MyWorkspace/workspaceAC6/p02-countingObject_withFunction2021/Utilities/Components/ampire480272" -I"/home/hendri/MyWorkspace/workspaceAC6/p02-countingObject_withFunction2021/Utilities/Components/ls016b8uy" -I"/home/hendri/MyWorkspace/workspaceAC6/p02-countingObject_withFunction2021/Utilities/Components/s5k5cag" -I"/home/hendri/MyWorkspace/workspaceAC6/p02-countingObject_withFunction2021/Utilities/Components/s25fl512s" -I"/home/hendri/MyWorkspace/workspaceAC6/p02-countingObject_withFunction2021/Utilities/Components/cs43l22" -I"/home/hendri/MyWorkspace/workspaceAC6/p02-countingObject_withFunction2021/Utilities/Components/ampire640480" -I"/home/hendri/MyWorkspace/workspaceAC6/p02-countingObject_withFunction2021/Utilities/Components/ili9341" -I"/home/hendri/MyWorkspace/workspaceAC6/p02-countingObject_withFunction2021/Utilities/Components/stmpe1600" -I"/home/hendri/MyWorkspace/workspaceAC6/p02-countingObject_withFunction2021/Utilities/Components/st7789h2" -I"/home/hendri/MyWorkspace/workspaceAC6/p02-countingObject_withFunction2021/Utilities/Components/lsm303dlhc" -I"/home/hendri/MyWorkspace/workspaceAC6/p02-countingObject_withFunction2021/Utilities/Components/ili9325" -I"/home/hendri/MyWorkspace/workspaceAC6/p02-countingObject_withFunction2021/Utilities/Components/ft6x06" -I"/home/hendri/MyWorkspace/workspaceAC6/p02-countingObject_withFunction2021/Utilities/Components/lis302dl" -I"/home/hendri/MyWorkspace/workspaceAC6/p02-countingObject_withFunction2021/Utilities/Components/l3gd20" -I"/home/hendri/MyWorkspace/workspaceAC6/p02-countingObject_withFunction2021/Utilities/Components/mfxstm32l152" -I"/home/hendri/MyWorkspace/workspaceAC6/p02-countingObject_withFunction2021/Utilities/Components/otm8009a" -I"/home/hendri/MyWorkspace/workspaceAC6/p02-countingObject_withFunction2021/Utilities/Components/lis3dsh" -I"/home/hendri/MyWorkspace/workspaceAC6/p02-countingObject_withFunction2021/Utilities/Components/st7735" -I"/home/hendri/MyWorkspace/workspaceAC6/p02-countingObject_withFunction2021/Utilities/Components/n25q128a" -I"/home/hendri/MyWorkspace/workspaceAC6/p02-countingObject_withFunction2021/Utilities/Components/n25q512a" -I"/home/hendri/MyWorkspace/workspaceAC6/p02-countingObject_withFunction2021/Utilities/Components/ts3510" -I"/home/hendri/MyWorkspace/workspaceAC6/p02-countingObject_withFunction2021/Utilities" -I"/home/hendri/MyWorkspace/workspaceAC6/p02-countingObject_withFunction2021/Utilities/STM32F4-Discovery" -I"/home/hendri/MyWorkspace/workspaceAC6/p02-countingObject_withFunction2021/CMSIS/core" -I"/home/hendri/MyWorkspace/workspaceAC6/p02-countingObject_withFunction2021/CMSIS/device" -O0 -ffunction-sections -Wall -fstack-usage -MMD -MP -MF"src/sensor.d" -MT"src/sensor.o" --specs=nano.specs -mfpu=fpv4-sp-d16 -mfloat-abi=hard -mthumb -o "src/sensor.o"
arm-none-eabi-gcc -o "p02-countingObject_withFunction2021.elf" @"objects.list"   -mcpu=cortex-m4 -T"/home/hendri/MyWorkspace/workspaceAC6/p02-countingObject_withFunction2021/LinkerScript.ld" --specs=nosys.specs -Wl,-Map="p02-countingObject_withFunction2021.map" -Wl,--gc-sections -static --specs=nano.specs -mfpu=fpv4-sp-d16 -mfloat-abi=hard -mthumb -Wl,--start-group -lc -lm -Wl,--end-group
Finished building target: p02-countingObject_withFunction2021.elf
 
arm-none-eabi-objdump -h -S  p02-countingObject_withFunction2021.elf  > "p02-countingObject_withFunction2021.list"
Finished building: p02-countingObject_withFunction2021.list
 
arm-none-eabi-objcopy  -O binary  p02-countingObject_withFunction2021.elf  "p02-countingObject_withFunction2021.bin"
Finished building: p02-countingObject_withFunction2021.bin
 
arm-none-eabi-size   p02-countingObject_withFunction2021.elf 
   text	   data	    bss	    dec	    hex	filename
   5564	     12	   1124	   6700	   1a2c	p02-countingObject_withFunction2021.elf
Finished building: default.size.stdout
 

19:31:37 Build Finished. 0 errors, 0 warnings. (took 513ms)

