17:17:13 **** Incremental Build of configuration Debug for project p04c-SEOSObjectDetected-reset-Function ****
make all 
Building file: ../src/task.c
Invoking: MCU GCC Compiler
/home/hendri/MyWorkspace/workspaceAC6/p04c-SEOSObjectDetected-reset-Function/Debug
arm-none-eabi-gcc -mcpu=cortex-m4 -mthumb -mfloat-abi=hard -mfpu=fpv4-sp-d16 -DSTM32F407VGTx -DSTM32F4 -DSTM32F4DISCOVERY -DSTM32 -DDEBUG -DUSE_HAL_DRIVER -DSTM32F407xx -I"/home/hendri/MyWorkspace/workspaceAC6/p04c-SEOSObjectDetected-reset-Function/inc" -I"/home/hendri/MyWorkspace/workspaceAC6/p04c-SEOSObjectDetected-reset-Function/HAL_Driver/Inc" -I"/home/hendri/MyWorkspace/workspaceAC6/p04c-SEOSObjectDetected-reset-Function/HAL_Driver/Inc/Legacy" -I"/home/hendri/MyWorkspace/workspaceAC6/p04c-SEOSObjectDetected-reset-Function/Utilities/Components/wm8994" -I"/home/hendri/MyWorkspace/workspaceAC6/p04c-SEOSObjectDetected-reset-Function/Utilities/Components/n25q256a" -I"/home/hendri/MyWorkspace/workspaceAC6/p04c-SEOSObjectDetected-reset-Function/Utilities/Components/exc7200" -I"/home/hendri/MyWorkspace/workspaceAC6/p04c-SEOSObjectDetected-reset-Function/Utilities/Components/stmpe811" -I"/home/hendri/MyWorkspace/workspaceAC6/p04c-SEOSObjectDetected-reset-Function/Utilities/Components/ov2640" -I"/home/hendri/MyWorkspace/workspaceAC6/p04c-SEOSObjectDetected-reset-Function/Utilities/Components/Common" -I"/home/hendri/MyWorkspace/workspaceAC6/p04c-SEOSObjectDetected-reset-Function/Utilities/Components/ampire480272" -I"/home/hendri/MyWorkspace/workspaceAC6/p04c-SEOSObjectDetected-reset-Function/Utilities/Components/ls016b8uy" -I"/home/hendri/MyWorkspace/workspaceAC6/p04c-SEOSObjectDetected-reset-Function/Utilities/Components/s5k5cag" -I"/home/hendri/MyWorkspace/workspaceAC6/p04c-SEOSObjectDetected-reset-Function/Utilities/Components/s25fl512s" -I"/home/hendri/MyWorkspace/workspaceAC6/p04c-SEOSObjectDetected-reset-Function/Utilities/Components/cs43l22" -I"/home/hendri/MyWorkspace/workspaceAC6/p04c-SEOSObjectDetected-reset-Function/Utilities/Components/ampire640480" -I"/home/hendri/MyWorkspace/workspaceAC6/p04c-SEOSObjectDetected-reset-Function/Utilities/Components/ili9341" -I"/home/hendri/MyWorkspace/workspaceAC6/p04c-SEOSObjectDetected-reset-Function/Utilities/Components/stmpe1600" -I"/home/hendri/MyWorkspace/workspaceAC6/p04c-SEOSObjectDetected-reset-Function/Utilities/Components/st7789h2" -I"/home/hendri/MyWorkspace/workspaceAC6/p04c-SEOSObjectDetected-reset-Function/Utilities/Components/lsm303dlhc" -I"/home/hendri/MyWorkspace/workspaceAC6/p04c-SEOSObjectDetected-reset-Function/Utilities/Components/ili9325" -I"/home/hendri/MyWorkspace/workspaceAC6/p04c-SEOSObjectDetected-reset-Function/Utilities/Components/ft6x06" -I"/home/hendri/MyWorkspace/workspaceAC6/p04c-SEOSObjectDetected-reset-Function/Utilities/Components/lis302dl" -I"/home/hendri/MyWorkspace/workspaceAC6/p04c-SEOSObjectDetected-reset-Function/Utilities/Components/l3gd20" -I"/home/hendri/MyWorkspace/workspaceAC6/p04c-SEOSObjectDetected-reset-Function/Utilities/Components/mfxstm32l152" -I"/home/hendri/MyWorkspace/workspaceAC6/p04c-SEOSObjectDetected-reset-Function/Utilities/Components/otm8009a" -I"/home/hendri/MyWorkspace/workspaceAC6/p04c-SEOSObjectDetected-reset-Function/Utilities/Components/lis3dsh" -I"/home/hendri/MyWorkspace/workspaceAC6/p04c-SEOSObjectDetected-reset-Function/Utilities/Components/st7735" -I"/home/hendri/MyWorkspace/workspaceAC6/p04c-SEOSObjectDetected-reset-Function/Utilities/Components/n25q128a" -I"/home/hendri/MyWorkspace/workspaceAC6/p04c-SEOSObjectDetected-reset-Function/Utilities/Components/n25q512a" -I"/home/hendri/MyWorkspace/workspaceAC6/p04c-SEOSObjectDetected-reset-Function/Utilities/Components/ts3510" -I"/home/hendri/MyWorkspace/workspaceAC6/p04c-SEOSObjectDetected-reset-Function/Utilities" -I"/home/hendri/MyWorkspace/workspaceAC6/p04c-SEOSObjectDetected-reset-Function/Utilities/STM32F4-Discovery" -I"/home/hendri/MyWorkspace/workspaceAC6/p04c-SEOSObjectDetected-reset-Function/CMSIS/core" -I"/home/hendri/MyWorkspace/workspaceAC6/p04c-SEOSObjectDetected-reset-Function/CMSIS/device" -O0 -g3 -Wall -fmessage-length=0 -ffunction-sections -c -MMD -MP -MF"src/task.d" -MT"src/task.o" -o "src/task.o" "../src/task.c"
Finished building: ../src/task.c
 
Building target: p04c-SEOSObjectDetected-reset-Function.elf
Invoking: MCU GCC Linker
arm-none-eabi-gcc -mcpu=cortex-m4 -mthumb -mfloat-abi=hard -mfpu=fpv4-sp-d16 -T"/home/hendri/MyWorkspace/workspaceAC6/p04c-SEOSObjectDetected-reset-Function/LinkerScript.ld" -Wl,-Map=output.map -Wl,--gc-sections -o "p04c-SEOSObjectDetected-reset-Function.elf" @"objects.list"   -lm
Finished building target: p04c-SEOSObjectDetected-reset-Function.elf
 
make --no-print-directory post-build
Generating binary and Printing size information:
arm-none-eabi-objcopy -O binary "p04c-SEOSObjectDetected-reset-Function.elf" "p04c-SEOSObjectDetected-reset-Function.bin"
arm-none-eabi-size "p04c-SEOSObjectDetected-reset-Function.elf"
   text	   data	    bss	    dec	    hex	filename
  31320	   2500	   1288	  35108	   8924	p04c-SEOSObjectDetected-reset-Function.elf
 

17:17:14 Build Finished (took 819ms)

