14:59:24 **** Incremental Build of configuration Debug for project template ****
make all 
Building file: ../src/main.c
Invoking: MCU GCC Compiler
/home/hendri/MyWorkspace/workspaceAC6/template/Debug
arm-none-eabi-gcc -mcpu=cortex-m4 -mthumb -mfloat-abi=hard -mfpu=fpv4-sp-d16 -DSTM32F407VGTx -DSTM32F4 -DSTM32F4DISCOVERY -DSTM32 -DDEBUG -DUSE_HAL_DRIVER -DSTM32F407xx -I"/home/hendri/MyWorkspace/workspaceAC6/stm32f4discovery_hal_lib" -I"/home/hendri/MyWorkspace/workspaceAC6/template/inc" -I"/home/hendri/MyWorkspace/workspaceAC6/stm32f4discovery_hal_lib/HAL_Driver/Inc" -I"/home/hendri/MyWorkspace/workspaceAC6/stm32f4discovery_hal_lib/HAL_Driver/Inc/Legacy" -I"/home/hendri/MyWorkspace/workspaceAC6/stm32f4discovery_hal_lib/Utilities/Components/wm8994" -I"/home/hendri/MyWorkspace/workspaceAC6/stm32f4discovery_hal_lib/Utilities/Components/n25q256a" -I"/home/hendri/MyWorkspace/workspaceAC6/stm32f4discovery_hal_lib/Utilities/Components/exc7200" -I"/home/hendri/MyWorkspace/workspaceAC6/stm32f4discovery_hal_lib/Utilities/Components/stmpe811" -I"/home/hendri/MyWorkspace/workspaceAC6/stm32f4discovery_hal_lib/Utilities/Components/ov2640" -I"/home/hendri/MyWorkspace/workspaceAC6/stm32f4discovery_hal_lib/Utilities/Components/Common" -I"/home/hendri/MyWorkspace/workspaceAC6/stm32f4discovery_hal_lib/Utilities/Components/ampire480272" -I"/home/hendri/MyWorkspace/workspaceAC6/stm32f4discovery_hal_lib/Utilities/Components/s5k5cag" -I"/home/hendri/MyWorkspace/workspaceAC6/stm32f4discovery_hal_lib/Utilities/Components/s25fl512s" -I"/home/hendri/MyWorkspace/workspaceAC6/stm32f4discovery_hal_lib/Utilities/Components/cs43l22" -I"/home/hendri/MyWorkspace/workspaceAC6/stm32f4discovery_hal_lib/Utilities/Components/ampire640480" -I"/home/hendri/MyWorkspace/workspaceAC6/stm32f4discovery_hal_lib/Utilities/Components/ili9341" -I"/home/hendri/MyWorkspace/workspaceAC6/stm32f4discovery_hal_lib/Utilities/Components/stmpe1600" -I"/home/hendri/MyWorkspace/workspaceAC6/stm32f4discovery_hal_lib/Utilities/Components/lsm303dlhc" -I"/home/hendri/MyWorkspace/workspaceAC6/stm32f4discovery_hal_lib/Utilities/Components/ili9325" -I"/home/hendri/MyWorkspace/workspaceAC6/stm32f4discovery_hal_lib/Utilities/Components/ft6x06" -I"/home/hendri/MyWorkspace/workspaceAC6/stm32f4discovery_hal_lib/Utilities/Components/lis302dl" -I"/home/hendri/MyWorkspace/workspaceAC6/stm32f4discovery_hal_lib/Utilities/Components/l3gd20" -I"/home/hendri/MyWorkspace/workspaceAC6/stm32f4discovery_hal_lib/Utilities/Components/mfxstm32l152" -I"/home/hendri/MyWorkspace/workspaceAC6/stm32f4discovery_hal_lib/Utilities/Components/otm8009a" -I"/home/hendri/MyWorkspace/workspaceAC6/stm32f4discovery_hal_lib/Utilities/Components/lis3dsh" -I"/home/hendri/MyWorkspace/workspaceAC6/stm32f4discovery_hal_lib/Utilities/Components/st7735" -I"/home/hendri/MyWorkspace/workspaceAC6/stm32f4discovery_hal_lib/Utilities/Components/n25q128a" -I"/home/hendri/MyWorkspace/workspaceAC6/stm32f4discovery_hal_lib/Utilities/Components/n25q512a" -I"/home/hendri/MyWorkspace/workspaceAC6/stm32f4discovery_hal_lib/Utilities/Components/ts3510" -I"/home/hendri/MyWorkspace/workspaceAC6/stm32f4discovery_hal_lib/Utilities" -I"/home/hendri/MyWorkspace/workspaceAC6/stm32f4discovery_hal_lib/Utilities/STM32F4-Discovery" -I"/home/hendri/MyWorkspace/workspaceAC6/stm32f4discovery_hal_lib/CMSIS/core" -I"/home/hendri/MyWorkspace/workspaceAC6/stm32f4discovery_hal_lib/CMSIS/device" -I"/home/hendri/MyWorkspace/workspaceAC6/template/include" -O0 -g3 -Wall -fmessage-length=0 -ffunction-sections -c -MMD -MP -MF"src/main.d" -MT"src/main.o" -o "src/main.o" "../src/main.c"
In file included from ../src/main.c:5:0:
../src/main.c: In function 'main':
/home/hendri/MyWorkspace/workspaceAC6/template/include/task.h:345:118: warning: passing argument 1 of 'xTaskGenericCreate' from incompatible pointer type [-Wincompatible-pointer-types]
 #define xTaskCreate( pvTaskCode, pcName, usStackDepth, pvParameters, uxPriority, pxCreatedTask ) xTaskGenericCreate( ( pvTaskCode ), ( pcName ), ( usStackDepth ), ( pvParameters ), ( uxPriority ), ( pxCreatedTask ), ( NULL ), ( NULL ) )
                                                                                                                      ^
../src/main.c:62:2: note: in expansion of macro 'xTaskCreate'
  xTaskCreate(vTaskBlinky1,  "Task1", 256, NULL, 3, NULL);
  ^
/home/hendri/MyWorkspace/workspaceAC6/template/include/task.h:1968:12: note: expected 'TaskFunction_t {aka void (*)(void *)}' but argument is of type 'void (*)(const void *)'
 BaseType_t xTaskGenericCreate( TaskFunction_t pxTaskCode, const char * const pcName, const uint16_t usStackDepth, void * const pvParameters, UBaseType_t uxPriority, TaskHandle_t * const pxCreatedTask, StackType_t * const puxStackBuffer, const MemoryRegion_t * const xRegions ) PRIVILEGED_FUNCTION; /*lint !e971 Unqualified char types are allowed for strings and single characters only. */
            ^
/home/hendri/MyWorkspace/workspaceAC6/template/include/task.h:345:118: warning: passing argument 1 of 'xTaskGenericCreate' from incompatible pointer type [-Wincompatible-pointer-types]
 #define xTaskCreate( pvTaskCode, pcName, usStackDepth, pvParameters, uxPriority, pxCreatedTask ) xTaskGenericCreate( ( pvTaskCode ), ( pcName ), ( usStackDepth ), ( pvParameters ), ( uxPriority ), ( pxCreatedTask ), ( NULL ), ( NULL ) )
                                                                                                                      ^
../src/main.c:63:2: note: in expansion of macro 'xTaskCreate'
  xTaskCreate(vTaskBlinky2,  "Task2", 256, NULL, 3, NULL);
  ^
/home/hendri/MyWorkspace/workspaceAC6/template/include/task.h:1968:12: note: expected 'TaskFunction_t {aka void (*)(void *)}' but argument is of type 'void (*)(const void *)'
 BaseType_t xTaskGenericCreate( TaskFunction_t pxTaskCode, const char * const pcName, const uint16_t usStackDepth, void * const pvParameters, UBaseType_t uxPriority, TaskHandle_t * const pxCreatedTask, StackType_t * const puxStackBuffer, const MemoryRegion_t * const xRegions ) PRIVILEGED_FUNCTION; /*lint !e971 Unqualified char types are allowed for strings and single characters only. */
            ^
Finished building: ../src/main.c
 
Building target: template.elf
Invoking: MCU GCC Linker
arm-none-eabi-gcc -mcpu=cortex-m4 -mthumb -mfloat-abi=hard -mfpu=fpv4-sp-d16 -L"/home/hendri/MyWorkspace/workspaceAC6/stm32f4discovery_hal_lib/Debug" -T"/home/hendri/MyWorkspace/workspaceAC6/template/LinkerScript.ld" -Wl,-Map=output.map -Wl,--gc-sections -lm -o "template.elf" @"objects.list"  -lstm32f4discovery_hal_lib
Finished building target: template.elf
 
make --no-print-directory post-build
Generating binary and Printing size information:
arm-none-eabi-objcopy -O binary "template.elf" "template.bin"
arm-none-eabi-size "template.elf"
   text	   data	    bss	    dec	    hex	filename
   9760	   1108	  16744	  27612	   6bdc	template.elf
 

14:59:24 Build Finished (took 369ms)

