06:48:46 **** Build of configuration Debug for project tes ****
make all 
Building file: ../startup/startup_stm32f091xc.s
Invoking: MCU GCC Assembler
/home/hendri/MyWorkspace/workspaceAC6/tes/Debug
arm-none-eabi-as -mcpu=cortex-m0 -mthumb -mfloat-abi=soft -I"/home/hendri/MyWorkspace/workspaceAC6/nucleo-f091rc_hal_lib" -I"/home/hendri/MyWorkspace/workspaceAC6/tes/inc" -I"/home/hendri/MyWorkspace/workspaceAC6/nucleo-f091rc_hal_lib/HAL_Driver/Inc" -I"/home/hendri/MyWorkspace/workspaceAC6/nucleo-f091rc_hal_lib/HAL_Driver/Inc/Legacy" -I"/home/hendri/MyWorkspace/workspaceAC6/nucleo-f091rc_hal_lib/Utilities/STM32F0xx-Nucleo" -I"/home/hendri/MyWorkspace/workspaceAC6/nucleo-f091rc_hal_lib/CMSIS/core" -I"/home/hendri/MyWorkspace/workspaceAC6/nucleo-f091rc_hal_lib/CMSIS/device" -g -o "startup/startup_stm32f091xc.o" "../startup/startup_stm32f091xc.s"
Finished building: ../startup/startup_stm32f091xc.s
 
Building file: ../src/main.c
Invoking: MCU GCC Compiler
/home/hendri/MyWorkspace/workspaceAC6/tes/Debug
arm-none-eabi-gcc -mcpu=cortex-m0 -mthumb -mfloat-abi=soft -DSTM32F0 -DSTM32F091RCTx -DNUCLEO_F091RC -DSTM32 -DDEBUG -DUSE_HAL_DRIVER -DSTM32F091xC -I"/home/hendri/MyWorkspace/workspaceAC6/nucleo-f091rc_hal_lib" -I"/home/hendri/MyWorkspace/workspaceAC6/tes/inc" -I"/home/hendri/MyWorkspace/workspaceAC6/nucleo-f091rc_hal_lib/HAL_Driver/Inc" -I"/home/hendri/MyWorkspace/workspaceAC6/nucleo-f091rc_hal_lib/HAL_Driver/Inc/Legacy" -I"/home/hendri/MyWorkspace/workspaceAC6/nucleo-f091rc_hal_lib/Utilities/STM32F0xx-Nucleo" -I"/home/hendri/MyWorkspace/workspaceAC6/nucleo-f091rc_hal_lib/CMSIS/core" -I"/home/hendri/MyWorkspace/workspaceAC6/nucleo-f091rc_hal_lib/CMSIS/device" -O0 -g3 -Wall -fmessage-length=0 -ffunction-sections -c -MMD -MP -MF"src/main.d" -MT"src/main.o" -o "src/main.o" "../src/main.c"
Finished building: ../src/main.c
 
Building file: ../src/stm32f0xx_it.c
Invoking: MCU GCC Compiler
/home/hendri/MyWorkspace/workspaceAC6/tes/Debug
arm-none-eabi-gcc -mcpu=cortex-m0 -mthumb -mfloat-abi=soft -DSTM32F0 -DSTM32F091RCTx -DNUCLEO_F091RC -DSTM32 -DDEBUG -DUSE_HAL_DRIVER -DSTM32F091xC -I"/home/hendri/MyWorkspace/workspaceAC6/nucleo-f091rc_hal_lib" -I"/home/hendri/MyWorkspace/workspaceAC6/tes/inc" -I"/home/hendri/MyWorkspace/workspaceAC6/nucleo-f091rc_hal_lib/HAL_Driver/Inc" -I"/home/hendri/MyWorkspace/workspaceAC6/nucleo-f091rc_hal_lib/HAL_Driver/Inc/Legacy" -I"/home/hendri/MyWorkspace/workspaceAC6/nucleo-f091rc_hal_lib/Utilities/STM32F0xx-Nucleo" -I"/home/hendri/MyWorkspace/workspaceAC6/nucleo-f091rc_hal_lib/CMSIS/core" -I"/home/hendri/MyWorkspace/workspaceAC6/nucleo-f091rc_hal_lib/CMSIS/device" -O0 -g3 -Wall -fmessage-length=0 -ffunction-sections -c -MMD -MP -MF"src/stm32f0xx_it.d" -MT"src/stm32f0xx_it.o" -o "src/stm32f0xx_it.o" "../src/stm32f0xx_it.c"
Finished building: ../src/stm32f0xx_it.c
 
Building file: ../src/syscalls.c
Invoking: MCU GCC Compiler
/home/hendri/MyWorkspace/workspaceAC6/tes/Debug
arm-none-eabi-gcc -mcpu=cortex-m0 -mthumb -mfloat-abi=soft -DSTM32F0 -DSTM32F091RCTx -DNUCLEO_F091RC -DSTM32 -DDEBUG -DUSE_HAL_DRIVER -DSTM32F091xC -I"/home/hendri/MyWorkspace/workspaceAC6/nucleo-f091rc_hal_lib" -I"/home/hendri/MyWorkspace/workspaceAC6/tes/inc" -I"/home/hendri/MyWorkspace/workspaceAC6/nucleo-f091rc_hal_lib/HAL_Driver/Inc" -I"/home/hendri/MyWorkspace/workspaceAC6/nucleo-f091rc_hal_lib/HAL_Driver/Inc/Legacy" -I"/home/hendri/MyWorkspace/workspaceAC6/nucleo-f091rc_hal_lib/Utilities/STM32F0xx-Nucleo" -I"/home/hendri/MyWorkspace/workspaceAC6/nucleo-f091rc_hal_lib/CMSIS/core" -I"/home/hendri/MyWorkspace/workspaceAC6/nucleo-f091rc_hal_lib/CMSIS/device" -O0 -g3 -Wall -fmessage-length=0 -ffunction-sections -c -MMD -MP -MF"src/syscalls.d" -MT"src/syscalls.o" -o "src/syscalls.o" "../src/syscalls.c"
Finished building: ../src/syscalls.c
 
Building file: ../src/system_stm32f0xx.c
Invoking: MCU GCC Compiler
/home/hendri/MyWorkspace/workspaceAC6/tes/Debug
arm-none-eabi-gcc -mcpu=cortex-m0 -mthumb -mfloat-abi=soft -DSTM32F0 -DSTM32F091RCTx -DNUCLEO_F091RC -DSTM32 -DDEBUG -DUSE_HAL_DRIVER -DSTM32F091xC -I"/home/hendri/MyWorkspace/workspaceAC6/nucleo-f091rc_hal_lib" -I"/home/hendri/MyWorkspace/workspaceAC6/tes/inc" -I"/home/hendri/MyWorkspace/workspaceAC6/nucleo-f091rc_hal_lib/HAL_Driver/Inc" -I"/home/hendri/MyWorkspace/workspaceAC6/nucleo-f091rc_hal_lib/HAL_Driver/Inc/Legacy" -I"/home/hendri/MyWorkspace/workspaceAC6/nucleo-f091rc_hal_lib/Utilities/STM32F0xx-Nucleo" -I"/home/hendri/MyWorkspace/workspaceAC6/nucleo-f091rc_hal_lib/CMSIS/core" -I"/home/hendri/MyWorkspace/workspaceAC6/nucleo-f091rc_hal_lib/CMSIS/device" -O0 -g3 -Wall -fmessage-length=0 -ffunction-sections -c -MMD -MP -MF"src/system_stm32f0xx.d" -MT"src/system_stm32f0xx.o" -o "src/system_stm32f0xx.o" "../src/system_stm32f0xx.c"
Finished building: ../src/system_stm32f0xx.c
 
Building target: tes.elf
Invoking: MCU GCC Linker
arm-none-eabi-gcc -mcpu=cortex-m0 -mthumb -mfloat-abi=soft -L"/home/hendri/MyWorkspace/workspaceAC6/nucleo-f091rc_hal_lib/Debug" -T"/home/hendri/MyWorkspace/workspaceAC6/tes/LinkerScript.ld" -Wl,-Map=output.map -Wl,--gc-sections -lm -o "tes.elf" @"objects.list"  -lnucleo-f091rc_hal_lib
Finished building target: tes.elf
 
make --no-print-directory post-build
Generating binary and Printing size information:
arm-none-eabi-objcopy -O binary "tes.elf" "tes.bin"
arm-none-eabi-size "tes.elf"
   text	   data	    bss	    dec	    hex	filename
    980	   1076	   2080	   4136	   1028	tes.elf
 

06:48:48 Build Finished (took 1s.15ms)

